Archive member included because of file (symbol)

c:/program files (x86)/microchip/xc32/v1.30/bin/../lib/gcc/pic32mx/4.5.2/../../../../pic32mx/lib\libmchp_peripheral_32MX795F512L.a(pcache.o)
                              build/PIC32MX795F512L_PIM/production/_ext/1472/main.o (CheKseg0CacheOn)
c:/program files (x86)/microchip/xc32/v1.30/bin/../lib/gcc/pic32mx/4.5.2/../../../../pic32mx/lib\libmchp_peripheral_32MX795F512L.a(int_disable_interrupts_lib.o)
                              build/PIC32MX795F512L_PIM/production/_ext/1472/main.o (INTDisableInterrupts)
c:/program files (x86)/microchip/xc32/v1.30/bin/../lib/gcc/pic32mx/4.5.2/../../../../pic32mx/lib\libmchp_peripheral_32MX795F512L.a(int_restore_interrupts_lib.o)
                              build/PIC32MX795F512L_PIM/production/_ext/1472/main.o (INTRestoreInterrupts)
c:/program files (x86)/microchip/xc32/v1.30/bin/../lib/gcc/pic32mx/4.5.2/../../../../pic32mx/lib\libmchp_peripheral_32MX795F512L.a(int_enable_mv_int_lib.o)
                              build/PIC32MX795F512L_PIM/production/_ext/1472/main.o (INTEnableSystemMultiVectoredInt)
c:/program files (x86)/microchip/xc32/v1.30/bin/../lib/gcc/pic32mx/4.5.2/../../../../pic32mx/lib\libmchp_peripheral_32MX795F512L.a(int_tbl_lib.o)
                              build/PIC32MX795F512L_PIM/production/_ext/1472/main.o (INTClearFlag)
c:/program files (x86)/microchip/xc32/v1.30/bin/../lib/gcc/pic32mx/4.5.2/../../../../pic32mx/lib\libmchp_peripheral_32MX795F512L.a(dma_chn_set_ev_enable_flags_lib.o)
                              build/PIC32MX795F512L_PIM/production/_ext/1472/main.o (DmaChnSetEvEnableFlags)
c:/program files (x86)/microchip/xc32/v1.30/bin/../lib/gcc/pic32mx/4.5.2/../../../../pic32mx/lib\libmchp_peripheral_32MX795F512L.a(dma_chn_clr_ev_flags_lib.o)
                              build/PIC32MX795F512L_PIM/production/_ext/1472/main.o (DmaChnClrEvFlags)
c:/program files (x86)/microchip/xc32/v1.30/bin/../lib/gcc/pic32mx/4.5.2/../../../../pic32mx/lib\libmchp_peripheral_32MX795F512L.a(dma_chn_open_lib.o)
                              build/PIC32MX795F512L_PIM/production/_ext/1472/main.o (DmaChnOpen)
c:/program files (x86)/microchip/xc32/v1.30/bin/../lib/gcc/pic32mx/4.5.2/../../../../pic32mx/lib\libmchp_peripheral_32MX795F512L.a(dma_chn_enable_lib.o)
                              build/PIC32MX795F512L_PIM/production/_ext/1472/main.o (DmaChnEnable)
c:/program files (x86)/microchip/xc32/v1.30/bin/../lib/gcc/pic32mx/4.5.2/../../../../pic32mx/lib\libmchp_peripheral_32MX795F512L.a(dma_chn_get_ev_flags_lib.o)
                              build/PIC32MX795F512L_PIM/production/_ext/1472/main.o (DmaChnGetEvFlags)
c:/program files (x86)/microchip/xc32/v1.30/bin/../lib/gcc/pic32mx/4.5.2/../../../../pic32mx/lib\libmchp_peripheral_32MX795F512L.a(dma_chn_write_event_control_flags_lib.o)
                              build/PIC32MX795F512L_PIM/production/_ext/1472/main.o (DmaChnWriteEventControlFlags)
c:/program files (x86)/microchip/xc32/v1.30/bin/../lib/gcc/pic32mx/4.5.2/../../../../pic32mx/lib\libmchp_peripheral_32MX795F512L.a(dma_chn_set_match_pattern_lib.o)
                              build/PIC32MX795F512L_PIM/production/_ext/1472/main.o (DmaChnSetMatchPattern)
c:/program files (x86)/microchip/xc32/v1.30/bin/../lib/gcc/pic32mx/4.5.2/../../../../pic32mx/lib\libmchp_peripheral_32MX795F512L.a(dma_chn_set_txfer_lib.o)
                              build/PIC32MX795F512L_PIM/production/_ext/1472/main.o (DmaChnSetTxfer)
c:/program files (x86)/microchip/xc32/v1.30/bin/../lib/gcc/pic32mx/4.5.2/../../../../pic32mx/lib\libmchp_peripheral_32MX795F512L.a(dma_reg_map_tbl_lib.o)
                              c:/program files (x86)/microchip/xc32/v1.30/bin/../lib/gcc/pic32mx/4.5.2/../../../../pic32mx/lib\libmchp_peripheral_32MX795F512L.a(dma_chn_set_ev_enable_flags_lib.o) (_DmaMapTbl)
c:/program files (x86)/microchip/xc32/v1.30/bin/../lib/gcc/pic32mx/4.5.2/../../../../pic32mx/lib\libmchp_peripheral_32MX795F512L.a(port_set_pins_digital_in_lib.o)
                              build/PIC32MX795F512L_PIM/production/_ext/1472/main.o (PORTSetPinsDigitalIn)
c:/program files (x86)/microchip/xc32/v1.30/bin/../lib/gcc/pic32mx/4.5.2/../../../../pic32mx/lib\libmchp_peripheral_32MX795F512L.a(port_set_pins_digital_out_lib.o)
                              build/PIC32MX795F512L_PIM/production/_ext/1472/main.o (PORTSetPinsDigitalOut)
c:/program files (x86)/microchip/xc32/v1.30/bin/../lib/gcc/pic32mx/4.5.2/../../../../pic32mx/lib\libmchp_peripheral_32MX795F512L.a(_ports_tbl_libp.o)
                              c:/program files (x86)/microchip/xc32/v1.30/bin/../lib/gcc/pic32mx/4.5.2/../../../../pic32mx/lib\libmchp_peripheral_32MX795F512L.a(port_set_pins_digital_in_lib.o) (PortRegTbl)
c:/program files (x86)/microchip/xc32/v1.30/bin/../lib/gcc/pic32mx/4.5.2/../../../../pic32mx/lib\libmchp_peripheral_32MX795F512L.a(uart_lib.o)
[...]
Memory Configuration

Name             Origin             Length             Attributes
kseg0_program_mem 0x9d000000         0x00080000         xr
kseg0_boot_mem   0x9fc00490         0x00000970
exception_mem    0x9fc01000         0x00001000
kseg1_boot_mem   0xbfc00000         0x00000490
debug_exec_mem   0xbfc02000         0x00000ff0
config3          0xbfc02ff0         0x00000004
config2          0xbfc02ff4         0x00000004
config1          0xbfc02ff8         0x00000004
config0          0xbfc02ffc         0x00000004
kseg1_data_mem   0xa0000000         0x00020000         w !x
sfrs             0xbf800000         0x00100000
configsfrs       0xbfc02ff0         0x00000010
*default*        0x00000000         0xffffffff

Linker script and memory map

LOAD c:/program files (x86)/microchip/xc32/v1.30/bin/../lib/gcc/pic32mx/4.5.2/../../../../pic32mx/lib/./proc/32MX795F512L/crt0_mips32r2.o
LOAD build/PIC32MX795F512L_PIM/production/_ext/1472/main.o
LOAD build/PIC32MX795F512L_PIM/production/_ext/1472/DelayPIC32.o
LOAD build/PIC32MX795F512L_PIM/production/_ext/1472/I2C_4BUS_EEPROM_PIC32.o
LOAD build/PIC32MX795F512L_PIM/production/_ext/1472/PCA9685 _PIC32.o
LOAD build/PIC32MX795F512L_PIM/production/_ext/1472/CRCmodbus.o
                0x00000001                __MPLAB_BUILD = 0x1
LOAD c:/program files (x86)/microchip/xc32/v1.30/bin/../lib/gcc/pic32mx/4.5.2/../../../../pic32mx/lib/./proc/32MX795F512L\default_isr_vectors.o
                0x00000400                PROVIDE (_min_stack_size, 0x400)
LOAD c:/program files (x86)/microchip/xc32/v1.30/bin/../lib/gcc/pic32mx/4.5.2/../../../../pic32mx/lib/./proc/32MX795F512L\processor.o
START GROUP
LOAD c:/program files (x86)/microchip/xc32/v1.30/bin/../lib/gcc/pic32mx/4.5.2/../../../../pic32mx/lib\libmchp_peripheral.a
END GROUP
START GROUP
LOAD c:/program files (x86)/microchip/xc32/v1.30/bin/../lib/gcc/pic32mx/4.5.2/../../../../pic32mx/lib\libmchp_peripheral_32MX795F512L.a
END GROUP
                0x00000001                PROVIDE (_vector_spacing, 0x1)
                0x9fc01000                _ebase_address = 0x9fc01000
                0xbfc00000                _RESET_ADDR = 0xbfc00000
                0xbfc00380                _BEV_EXCPT_ADDR = 0xbfc00380
                0xbfc00480                _DBG_EXCPT_ADDR = 0xbfc00480
                0xbfc02000                _DBG_CODE_ADDR = 0xbfc02000
                0x00000ff0                _DBG_CODE_SIZE = 0xff0
                0x9fc01180                _GEN_EXCPT_ADDR = (_ebase_address + 0x180)

.config_BFC02FF0
 *(.config_BFC02FF0)

.config_BFC02FF4
                0xbfc02ff4        0x4
 *(.config_BFC02FF4)
 .config_BFC02FF4
                0xbfc02ff4        0x4 build/PIC32MX795F512L_PIM/production/_ext/1472/main.o

.config_BFC02FF8
                0xbfc02ff8        0x4
 *(.config_BFC02FF8)
 .config_BFC02FF8
                0xbfc02ff8        0x4 build/PIC32MX795F512L_PIM/production/_ext/1472/main.o

.config_BFC02FFC
                0xbfc02ffc        0x4
 *(.config_BFC02FFC)
 .config_BFC02FFC
                0xbfc02ffc        0x4 build/PIC32MX795F512L_PIM/production/_ext/1472/main.o
                0xbfc02000                PROVIDE (_DBG_CODE_ADDR, 0xbfc02000)
                0x00000ff0                PROVIDE (_DBG_CODE_SIZE, 0xff0)

.reset          0xbfc00000      0x1e0
 *(.reset)
 .reset         0xbfc00000      0x1e0 c:/program files (x86)/microchip/xc32/v1.30/bin/../lib/gcc/pic32mx/4.5.2/../../../../pic32mx/lib/./proc/32MX795F512L/crt0_mips32r2.o
                0xbfc00000                _reset
 *(.reset.startup)

.bev_excpt      0xbfc00380       0x10
 *(.bev_handler)
 .bev_handler   0xbfc00380       0x10 c:/program files (x86)/microchip/xc32/v1.30/bin/../lib/gcc/pic32mx/4.5.2/../../../../pic32mx/lib/./proc/32MX795F512L/crt0_mips32r2.o

.dbg_excpt      0xbfc00480        0x0
                0xbfc00480                . = (. + DEFINED (_DEBUGGER)?0x8:0x0)

.dbg_code       0xbfc02000        0x0
                0xbfc02000                . = (. + DEFINED (_DEBUGGER)?_DBG_CODE_SIZE:0x0)

.app_excpt      0x9fc01180       0x10
 *(.gen_handler)
 .gen_handler   0x9fc01180       0x10 c:/program files (x86)/microchip/xc32/v1.30/bin/../lib/gcc/pic32mx/4.5.2/../../../../pic32mx/lib/./proc/32MX795F512L/crt0_mips32r2.o

.vector_0       0x9fc01200        0x8
 *(.vector_0)
 .vector_0      0x9fc01200        0x8 c:/program files (x86)/microchip/xc32/v1.30/bin/../lib/gcc/pic32mx/4.5.2/../../../../pic32mx/lib\libpic32.a(vector0.o)
                0x9fc01200                __vector_dispatch_0
                0x00000001                ASSERT (((_vector_spacing == 0x0) || (SIZEOF (.vector_0) <= (_vector_spacing << 0x5))), function at exception vector 0 too large)

.vector_1       0x9fc01220        0x8
 *(.vector_1)
 .vector_1      0x9fc01220        0x8 c:/program files (x86)/microchip/xc32/v1.30/bin/../lib/gcc/pic32mx/4.5.2/../../../../pic32mx/lib\libpic32.a(vector1.o)
                0x9fc01220                __vector_dispatch_1
                0x00000001                ASSERT (((_vector_spacing == 0x0) || (SIZEOF (.vector_1) <= (_vector_spacing << 0x5))), function at exception vector 1 too large)

.vector_2       0x9fc01240        0x8
 *(.vector_2)
 .vector_2      0x9fc01240        0x8 c:/program files (x86)/microchip/xc32/v1.30/bin/../lib/gcc/pic32mx/4.5.2/../../../../pic32mx/lib\libpic32.a(vector2.o)
                0x9fc01240                __vector_dispatch_2
                0x00000001                ASSERT (((_vector_spacing == 0x0) || (SIZEOF (.vector_2) <= (_vector_spacing << 0x5))), function at exception vector 2 too large)

.vector_3       0x9fc01260        0x8
 *(.vector_3)
 .vector_3      0x9fc01260        0x8 c:/program files (x86)/microchip/xc32/v1.30/bin/../lib/gcc/pic32mx/4.5.2/../../../../pic32mx/lib\libpic32.a(vector3.o)
                0x9fc01260                __vector_dispatch_3
                0x00000001                ASSERT (((_vector_spacing == 0x0) || (SIZEOF (.vector_3) <= (_vector_spacing << 0x5))), function at exception vector 3 too large)

.vector_4       0x9fc01280        0x8
 *(.vector_4)
 .vector_4      0x9fc01280        0x8 c:/program files (x86)/microchip/xc32/v1.30/bin/../lib/gcc/pic32mx/4.5.2/../../../../pic32mx/lib\libpic32.a(vector4.o)
                0x9fc01280                __vector_dispatch_4
                0x00000001                ASSERT (((_vector_spacing == 0x0) || (SIZEOF (.vector_4) <= (_vector_spacing << 0x5))), function at exception vector 4 too large)

.vector_5       0x9fc012a0        0x8
 *(.vector_5)
 .vector_5      0x9fc012a0        0x8 c:/program files (x86)/microchip/xc32/v1.30/bin/../lib/gcc/pic32mx/4.5.2/../../../../pic32mx/lib\libpic32.a(vector5.o)
                0x9fc012a0                __vector_dispatch_5
                0x00000001                ASSERT (((_vector_spacing == 0x0) || (SIZEOF (.vector_5) <= (_vector_spacing << 0x5))), function at exception vector 5 too large)

.vector_6       0x9fc012c0        0x8
 *(.vector_6)
 .vector_6      0x9fc012c0        0x8 c:/program files (x86)/microchip/xc32/v1.30/bin/../lib/gcc/pic32mx/4.5.2/../../../../pic32mx/lib\libpic32.a(vector6.o)
                0x9fc012c0                __vector_dispatch_6
                0x00000001                ASSERT (((_vector_spacing == 0x0) || (SIZEOF (.vector_6) <= (_vector_spacing << 0x5))), function at exception vector 6 too large)

.vector_7       0x9fc012e0        0x8
 *(.vector_7)
 .vector_7      0x9fc012e0        0x8 c:/program files (x86)/microchip/xc32/v1.30/bin/../lib/gcc/pic32mx/4.5.2/../../../../pic32mx/lib\libpic32.a(vector7.o)
                0x9fc012e0                __vector_dispatch_7
                0x00000001                ASSERT (((_vector_spacing == 0x0) || (SIZEOF (.vector_7) <= (_vector_spacing << 0x5))), function at exception vector 7 too large)

.vector_8       0x9fc01300        0x8
 *(.vector_8)
 .vector_8      0x9fc01300        0x8 build/PIC32MX795F512L_PIM/production/_ext/1472/main.o
                0x9fc01300                __vector_dispatch_8
                0x00000001                ASSERT (((_vector_spacing == 0x0) || (SIZEOF (.vector_8) <= (_vector_spacing << 0x5))), function at exception vector 8 too large)

.vector_9       0x9fc01320        0x8
 *(.vector_9)
 .vector_9      0x9fc01320        0x8 c:/program files (x86)/microchip/xc32/v1.30/bin/../lib/gcc/pic32mx/4.5.2/../../../../pic32mx/lib\libpic32.a(vector9.o)
                0x9fc01320                __vector_dispatch_9
                0x00000001                ASSERT (((_vector_spacing == 0x0) || (SIZEOF (.vector_9) <= (_vector_spacing << 0x5))), function at exception vector 9 too large)

.vector_10      0x9fc01340        0x8
 *(.vector_10)
 .vector_10     0x9fc01340        0x8 c:/program files (x86)/microchip/xc32/v1.30/bin/../lib/gcc/pic32mx/4.5.2/../../../../pic32mx/lib\libpic32.a(vector10.o)
                0x9fc01340                __vector_dispatch_10
                0x00000001                ASSERT (((_vector_spacing == 0x0) || (SIZEOF (.vector_10) <= (_vector_spacing << 0x5))), function at exception vector 10 too large)

.vector_11      0x9fc01360        0x8
 *(.vector_11)
 .vector_11     0x9fc01360        0x8 c:/program files (x86)/microchip/xc32/v1.30/bin/../lib/gcc/pic32mx/4.5.2/../../../../pic32mx/lib\libpic32.a(vector11.o)
                0x9fc01360                __vector_dispatch_11
                0x00000001                ASSERT (((_vector_spacing == 0x0) || (SIZEOF (.vector_11) <= (_vector_spacing << 0x5))), function at exception vector 11 too large)

.vector_12      0x9fc01380        0x8
 *(.vector_12)
 .vector_12     0x9fc01380        0x8 c:/program files (x86)/microchip/xc32/v1.30/bin/../lib/gcc/pic32mx/4.5.2/../../../../pic32mx/lib\libpic32.a(vector12.o)
                0x9fc01380                __vector_dispatch_12
                0x00000001                ASSERT (((_vector_spacing == 0x0) || (SIZEOF (.vector_12) <= (_vector_spacing << 0x5))), function at exception vector 12 too large)

.vector_13      0x9fc013a0        0x8
 *(.vector_13)
 .vector_13     0x9fc013a0        0x8 c:/program files (x86)/microchip/xc32/v1.30/bin/../lib/gcc/pic32mx/4.5.2/../../../../pic32mx/lib\libpic32.a(vector13.o)
                0x9fc013a0                __vector_dispatch_13
                0x00000001                ASSERT (((_vector_spacing == 0x0) || (SIZEOF (.vector_13) <= (_vector_spacing << 0x5))), function at exception vector 13 too large)

.vector_14      0x9fc013c0        0x8
 *(.vector_14)
 .vector_14     0x9fc013c0        0x8 c:/program files (x86)/microchip/xc32/v1.30/bin/../lib/gcc/pic32mx/4.5.2/../../../../pic32mx/lib\libpic32.a(vector14.o)
                0x9fc013c0                __vector_dispatch_14
                0x00000001                ASSERT (((_vector_spacing == 0x0) || (SIZEOF (.vector_14) <= (_vector_spacing << 0x5))), function at exception vector 14 too large)

.vector_15      0x9fc013e0        0x8
 *(.vector_15)
 .vector_15     0x9fc013e0        0x8 c:/program files (x86)/microchip/xc32/v1.30/bin/../lib/gcc/pic32mx/4.5.2/../../../../pic32mx/lib\libpic32.a(vector15.o)
                0x9fc013e0                __vector_dispatch_15
                0x00000001                ASSERT (((_vector_spacing == 0x0) || (SIZEOF (.vector_15) <= (_vector_spacing << 0x5))), function at exception vector 15 too large)

.vector_16      0x9fc01400        0x8
 *(.vector_16)
 .vector_16     0x9fc01400        0x8 c:/program files (x86)/microchip/xc32/v1.30/bin/../lib/gcc/pic32mx/4.5.2/../../../../pic32mx/lib\libpic32.a(vector16.o)
                0x9fc01400                __vector_dispatch_16
                0x00000001                ASSERT (((_vector_spacing == 0x0) || (SIZEOF (.vector_16) <= (_vector_spacing << 0x5))), function at exception vector 16 too large)

.vector_17      0x9fc01420        0x8
 *(.vector_17)
 .vector_17     0x9fc01420        0x8 c:/program files (x86)/microchip/xc32/v1.30/bin/../lib/gcc/pic32mx/4.5.2/../../../../pic32mx/lib\libpic32.a(vector17.o)
                0x9fc01420                __vector_dispatch_17
                0x00000001                ASSERT (((_vector_spacing == 0x0) || (SIZEOF (.vector_17) <= (_vector_spacing << 0x5))), function at exception vector 17 too large)

.vector_18      0x9fc01440        0x8
 *(.vector_18)
 .vector_18     0x9fc01440        0x8 c:/program files (x86)/microchip/xc32/v1.30/bin/../lib/gcc/pic32mx/4.5.2/../../../../pic32mx/lib\libpic32.a(vector18.o)
                0x9fc01440                __vector_dispatch_18
                0x00000001                ASSERT (((_vector_spacing == 0x0) || (SIZEOF (.vector_18) <= (_vector_spacing << 0x5))), function at exception vector 18 too large)

.vector_19      0x9fc01460        0x8
 *(.vector_19)
 .vector_19     0x9fc01460        0x8 c:/program files (x86)/microchip/xc32/v1.30/bin/../lib/gcc/pic32mx/4.5.2/../../../../pic32mx/lib\libpic32.a(vector19.o)
                0x9fc01460                __vector_dispatch_19
                0x00000001                ASSERT (((_vector_spacing == 0x0) || (SIZEOF (.vector_19) <= (_vector_spacing << 0x5))), function at exception vector 19 too large)

.vector_20      0x9fc01480        0x8
 *(.vector_20)
 .vector_20     0x9fc01480        0x8 c:/program files (x86)/microchip/xc32/v1.30/bin/../lib/gcc/pic32mx/4.5.2/../../../../pic32mx/lib\libpic32.a(vector20.o)
                0x9fc01480                __vector_dispatch_20
                0x00000001                ASSERT (((_vector_spacing == 0x0) || (SIZEOF (.vector_20) <= (_vector_spacing << 0x5))), function at exception vector 20 too large)

.vector_21      0x9fc014a0        0x8
 *(.vector_21)
 .vector_21     0x9fc014a0        0x8 c:/program files (x86)/microchip/xc32/v1.30/bin/../lib/gcc/pic32mx/4.5.2/../../../../pic32mx/lib\libpic32.a(vector21.o)
                0x9fc014a0                __vector_dispatch_21
                0x00000001                ASSERT (((_vector_spacing == 0x0) || (SIZEOF (.vector_21) <= (_vector_spacing << 0x5))), function at exception vector 21 too large)

.vector_22      0x9fc014c0        0x8
 *(.vector_22)
 .vector_22     0x9fc014c0        0x8 c:/program files (x86)/microchip/xc32/v1.30/bin/../lib/gcc/pic32mx/4.5.2/../../../../pic32mx/lib\libpic32.a(vector22.o)
                0x9fc014c0                __vector_dispatch_22
                0x00000001                ASSERT (((_vector_spacing == 0x0) || (SIZEOF (.vector_22) <= (_vector_spacing << 0x5))), function at exception vector 22 too large)

.vector_23      0x9fc014e0        0x8
 *(.vector_23)
 .vector_23     0x9fc014e0        0x8 c:/program files (x86)/microchip/xc32/v1.30/bin/../lib/gcc/pic32mx/4.5.2/../../../../pic32mx/lib\libpic32.a(vector23.o)
                0x9fc014e0                __vector_dispatch_23
                0x00000001                ASSERT (((_vector_spacing == 0x0) || (SIZEOF (.vector_23) <= (_vector_spacing << 0x5))), function at exception vector 23 too large)

.vector_24      0x9fc01500        0x8
 *(.vector_24)
 .vector_24     0x9fc01500        0x8 c:/program files (x86)/microchip/xc32/v1.30/bin/../lib/gcc/pic32mx/4.5.2/../../../../pic32mx/lib\libpic32.a(vector24.o)
                0x9fc01500                __vector_dispatch_24
                0x00000001                ASSERT (((_vector_spacing == 0x0) || (SIZEOF (.vector_24) <= (_vector_spacing << 0x5))), function at exception vector 24 too large)

.vector_25      0x9fc01520        0x8
 *(.vector_25)
 .vector_25     0x9fc01520        0x8 c:/program files (x86)/microchip/xc32/v1.30/bin/../lib/gcc/pic32mx/4.5.2/../../../../pic32mx/lib\libpic32.a(vector25.o)
                0x9fc01520                __vector_dispatch_25
                0x00000001                ASSERT (((_vector_spacing == 0x0) || (SIZEOF (.vector_25) <= (_vector_spacing << 0x5))), function at exception vector 25 too large)

.vector_26      0x9fc01540        0x8
 *(.vector_26)
 .vector_26     0x9fc01540        0x8 build/PIC32MX795F512L_PIM/production/_ext/1472/main.o
                0x9fc01540                __vector_dispatch_26
                0x00000001                ASSERT (((_vector_spacing == 0x0) || (SIZEOF (.vector_26) <= (_vector_spacing << 0x5))), function at exception vector 26 too large)

.vector_27      0x9fc01560        0x8
 *(.vector_27)
 .vector_27     0x9fc01560        0x8 c:/program files (x86)/microchip/xc32/v1.30/bin/../lib/gcc/pic32mx/4.5.2/../../../../pic32mx/lib\libpic32.a(vector27.o)
                0x9fc01560                __vector_dispatch_27
                0x00000001                ASSERT (((_vector_spacing == 0x0) || (SIZEOF (.vector_27) <= (_vector_spacing << 0x5))), function at exception vector 27 too large)

.vector_28      0x9fc01580        0x8
 *(.vector_28)
 .vector_28     0x9fc01580        0x8 c:/program files (x86)/microchip/xc32/v1.30/bin/../lib/gcc/pic32mx/4.5.2/../../../../pic32mx/lib\libpic32.a(vector28.o)
                0x9fc01580                __vector_dispatch_28
                0x00000001                ASSERT (((_vector_spacing == 0x0) || (SIZEOF (.vector_28) <= (_vector_spacing << 0x5))), function at exception vector 28 too large)

.vector_29      0x9fc015a0        0x8
 *(.vector_29)
 .vector_29     0x9fc015a0        0x8 c:/program files (x86)/microchip/xc32/v1.30/bin/../lib/gcc/pic32mx/4.5.2/../../../../pic32mx/lib\libpic32.a(vector29.o)
                0x9fc015a0                __vector_dispatch_29
                0x00000001                ASSERT (((_vector_spacing == 0x0) || (SIZEOF (.vector_29) <= (_vector_spacing << 0x5))), function at exception vector 29 too large)

.vector_30      0x9fc015c0        0x8
 *(.vector_30)
 .vector_30     0x9fc015c0        0x8 c:/program files (x86)/microchip/xc32/v1.30/bin/../lib/gcc/pic32mx/4.5.2/../../../../pic32mx/lib\libpic32.a(vector30.o)
                0x9fc015c0                __vector_dispatch_30
                0x00000001                ASSERT (((_vector_spacing == 0x0) || (SIZEOF (.vector_30) <= (_vector_spacing << 0x5))), function at exception vector 30 too large)

.vector_31      0x9fc015e0        0x8
 *(.vector_31)
 .vector_31     0x9fc015e0        0x8 c:/program files (x86)/microchip/xc32/v1.30/bin/../lib/gcc/pic32mx/4.5.2/../../../../pic32mx/lib\libpic32.a(vector31.o)
                0x9fc015e0                __vector_dispatch_31
                0x00000001                ASSERT (((_vector_spacing == 0x0) || (SIZEOF (.vector_31) <= (_vector_spacing << 0x5))), function at exception vector 31 too large)

.vector_32      0x9fc01600        0x8
 *(.vector_32)
 .vector_32     0x9fc01600        0x8 build/PIC32MX795F512L_PIM/production/_ext/1472/main.o
                0x9fc01600                __vector_dispatch_32
                0x00000001                ASSERT (((_vector_spacing == 0x0) || (SIZEOF (.vector_32) <= (_vector_spacing << 0x5))), function at exception vector 32 too large)

.vector_33      0x9fc01620        0x8
 *(.vector_33)
 .vector_33     0x9fc01620        0x8 c:/program files (x86)/microchip/xc32/v1.30/bin/../lib/gcc/pic32mx/4.5.2/../../../../pic32mx/lib\libpic32.a(vector33.o)
                0x9fc01620                __vector_dispatch_33
                0x00000001                ASSERT (((_vector_spacing == 0x0) || (SIZEOF (.vector_33) <= (_vector_spacing << 0x5))), function at exception vector 33 too large)

.vector_34      0x9fc01640        0x8
 *(.vector_34)
 .vector_34     0x9fc01640        0x8 c:/program files (x86)/microchip/xc32/v1.30/bin/../lib/gcc/pic32mx/4.5.2/../../../../pic32mx/lib\libpic32.a(vector34.o)
                0x9fc01640                __vector_dispatch_34
                0x00000001                ASSERT (((_vector_spacing == 0x0) || (SIZEOF (.vector_34) <= (_vector_spacing << 0x5))), function at exception vector 34 too large)

.vector_35      0x9fc01660        0x8
 *(.vector_35)
 .vector_35     0x9fc01660        0x8 c:/program files (x86)/microchip/xc32/v1.30/bin/../lib/gcc/pic32mx/4.5.2/../../../../pic32mx/lib\libpic32.a(vector35.o)
                0x9fc01660                __vector_dispatch_35
                0x00000001                ASSERT (((_vector_spacing == 0x0) || (SIZEOF (.vector_35) <= (_vector_spacing << 0x5))), function at exception vector 35 too large)

.vector_36      0x9fc01680        0x8
 *(.vector_36)
 .vector_36     0x9fc01680        0x8 build/PIC32MX795F512L_PIM/production/_ext/1472/main.o
                0x9fc01680                __vector_dispatch_36
                0x00000001                ASSERT (((_vector_spacing == 0x0) || (SIZEOF (.vector_36) <= (_vector_spacing << 0x5))), function at exception vector 36 too large)

.vector_37      0x9fc016a0        0x8
 *(.vector_37)
 .vector_37     0x9fc016a0        0x8 c:/program files (x86)/microchip/xc32/v1.30/bin/../lib/gcc/pic32mx/4.5.2/../../../../pic32mx/lib\libpic32.a(vector37.o)
                0x9fc016a0                __vector_dispatch_37
                0x00000001                ASSERT (((_vector_spacing == 0x0) || (SIZEOF (.vector_37) <= (_vector_spacing << 0x5))), function at exception vector 37 too large)

.vector_38      0x9fc016c0        0x8
 *(.vector_38)
 .vector_38     0x9fc016c0        0x8 c:/program files (x86)/microchip/xc32/v1.30/bin/../lib/gcc/pic32mx/4.5.2/../../../../pic32mx/lib\libpic32.a(vector38.o)
                0x9fc016c0                __vector_dispatch_38
                0x00000001                ASSERT (((_vector_spacing == 0x0) || (SIZEOF (.vector_38) <= (_vector_spacing << 0x5))), function at exception vector 38 too large)

.vector_39      0x9fc016e0        0x8
 *(.vector_39)
 .vector_39     0x9fc016e0        0x8 c:/program files (x86)/microchip/xc32/v1.30/bin/../lib/gcc/pic32mx/4.5.2/../../../../pic32mx/lib\libpic32.a(vector39.o)
                0x9fc016e0                __vector_dispatch_39
                0x00000001                ASSERT (((_vector_spacing == 0x0) || (SIZEOF (.vector_39) <= (_vector_spacing << 0x5))), function at exception vector 39 too large)

.vector_40      0x9fc01700        0x8
 *(.vector_40)
 .vector_40     0x9fc01700        0x8 c:/program files (x86)/microchip/xc32/v1.30/bin/../lib/gcc/pic32mx/4.5.2/../../../../pic32mx/lib\libpic32.a(vector40.o)
                0x9fc01700                __vector_dispatch_40
                0x00000001                ASSERT (((_vector_spacing == 0x0) || (SIZEOF (.vector_40) <= (_vector_spacing << 0x5))), function at exception vector 40 too large)

.vector_41      0x9fc01720        0x8
 *(.vector_41)
 .vector_41     0x9fc01720        0x8 c:/program files (x86)/microchip/xc32/v1.30/bin/../lib/gcc/pic32mx/4.5.2/../../../../pic32mx/lib\libpic32.a(vector41.o)
                0x9fc01720                __vector_dispatch_41
                0x00000001                ASSERT (((_vector_spacing == 0x0) || (SIZEOF (.vector_41) <= (_vector_spacing << 0x5))), function at exception vector 41 too large)

.vector_42      0x9fc01740        0x8
 *(.vector_42)
 .vector_42     0x9fc01740        0x8 c:/program files (x86)/microchip/xc32/v1.30/bin/../lib/gcc/pic32mx/4.5.2/../../../../pic32mx/lib\libpic32.a(vector42.o)
                0x9fc01740                __vector_dispatch_42
                0x00000001                ASSERT (((_vector_spacing == 0x0) || (SIZEOF (.vector_42) <= (_vector_spacing << 0x5))), function at exception vector 42 too large)

.vector_43      0x9fc01760        0x8
 *(.vector_43)
 .vector_43     0x9fc01760        0x8 c:/program files (x86)/microchip/xc32/v1.30/bin/../lib/gcc/pic32mx/4.5.2/../../../../pic32mx/lib\libpic32.a(vector43.o)
                0x9fc01760                __vector_dispatch_43
                0x00000001                ASSERT (((_vector_spacing == 0x0) || (SIZEOF (.vector_43) <= (_vector_spacing << 0x5))), function at exception vector 43 too large)

.vector_44      0x9fc01780        0x8
 *(.vector_44)
 .vector_44     0x9fc01780        0x8 c:/program files (x86)/microchip/xc32/v1.30/bin/../lib/gcc/pic32mx/4.5.2/../../../../pic32mx/lib\libpic32.a(vector44.o)
                0x9fc01780                __vector_dispatch_44
                0x00000001                ASSERT (((_vector_spacing == 0x0) || (SIZEOF (.vector_44) <= (_vector_spacing << 0x5))), function at exception vector 44 too large)

.vector_45      0x9fc017a0        0x8
 *(.vector_45)
 .vector_45     0x9fc017a0        0x8 c:/program files (x86)/microchip/xc32/v1.30/bin/../lib/gcc/pic32mx/4.5.2/../../../../pic32mx/lib\libpic32.a(vector45.o)
                0x9fc017a0                __vector_dispatch_45
                0x00000001                ASSERT (((_vector_spacing == 0x0) || (SIZEOF (.vector_45) <= (_vector_spacing << 0x5))), function at exception vector 45 too large)

.vector_46      0x9fc017c0        0x8
 *(.vector_46)
 .vector_46     0x9fc017c0        0x8 c:/program files (x86)/microchip/xc32/v1.30/bin/../lib/gcc/pic32mx/4.5.2/../../../../pic32mx/lib\libpic32.a(vector46.o)
                0x9fc017c0                __vector_dispatch_46
                0x00000001                ASSERT (((_vector_spacing == 0x0) || (SIZEOF (.vector_46) <= (_vector_spacing << 0x5))), function at exception vector 46 too large)

.vector_47      0x9fc017e0        0x8
 *(.vector_47)
 .vector_47     0x9fc017e0        0x8 c:/program files (x86)/microchip/xc32/v1.30/bin/../lib/gcc/pic32mx/4.5.2/../../../../pic32mx/lib\libpic32.a(vector47.o)
                0x9fc017e0                __vector_dispatch_47
                0x00000001                ASSERT (((_vector_spacing == 0x0) || (SIZEOF (.vector_47) <= (_vector_spacing << 0x5))), function at exception vector 47 too large)

.vector_48      0x9fc01800        0x8
 *(.vector_48)
 .vector_48     0x9fc01800        0x8 c:/program files (x86)/microchip/xc32/v1.30/bin/../lib/gcc/pic32mx/4.5.2/../../../../pic32mx/lib\libpic32.a(vector48.o)
                0x9fc01800                __vector_dispatch_48
                0x00000001                ASSERT (((_vector_spacing == 0x0) || (SIZEOF (.vector_48) <= (_vector_spacing << 0x5))), function at exception vector 48 too large)

.vector_49      0x9fc01820        0x8
 *(.vector_49)
 .vector_49     0x9fc01820        0x8 build/PIC32MX795F512L_PIM/production/_ext/1472/main.o
                0x9fc01820                __vector_dispatch_49
                0x00000001                ASSERT (((_vector_spacing == 0x0) || (SIZEOF (.vector_49) <= (_vector_spacing << 0x5))), function at exception vector 49 too large)

.vector_50      0x9fc01840        0x8
 *(.vector_50)
 .vector_50     0x9fc01840        0x8 c:/program files (x86)/microchip/xc32/v1.30/bin/../lib/gcc/pic32mx/4.5.2/../../../../pic32mx/lib\libpic32.a(vector50.o)
                0x9fc01840                __vector_dispatch_50
                0x00000001                ASSERT (((_vector_spacing == 0x0) || (SIZEOF (.vector_50) <= (_vector_spacing << 0x5))), function at exception vector 50 too large)

.vector_51      0x9fc01860        0x8
 *(.vector_51)
 .vector_51     0x9fc01860        0x8 build/PIC32MX795F512L_PIM/production/_ext/1472/main.o
                0x9fc01860                __vector_dispatch_51
                0x00000001                ASSERT (((_vector_spacing == 0x0) || (SIZEOF (.vector_51) <= (_vector_spacing << 0x5))), function at exception vector 51 too large)

.vector_52      0x9fc01880        0x8
 *(.vector_52)
 .vector_52     0x9fc01880        0x8 c:/program files (x86)/microchip/xc32/v1.30/bin/../lib/gcc/pic32mx/4.5.2/../../../../pic32mx/lib\libpic32.a(vector52.o)
                0x9fc01880                __vector_dispatch_52
                0x00000001                ASSERT (((_vector_spacing == 0x0) || (SIZEOF (.vector_52) <= (_vector_spacing << 0x5))), function at exception vector 52 too large)

.vector_53      0x9fc018a0        0x8
 *(.vector_53)
 .vector_53     0x9fc018a0        0x8 c:/program files (x86)/microchip/xc32/v1.30/bin/../lib/gcc/pic32mx/4.5.2/../../../../pic32mx/lib\libpic32.a(vector53.o)
                0x9fc018a0                __vector_dispatch_53
                0x00000001                ASSERT (((_vector_spacing == 0x0) || (SIZEOF (.vector_53) <= (_vector_spacing << 0x5))), function at exception vector 53 too large)

.vector_54      0x9fc018c0        0x8
 *(.vector_54)
 .vector_54     0x9fc018c0        0x8 c:/program files (x86)/microchip/xc32/v1.30/bin/../lib/gcc/pic32mx/4.5.2/../../../../pic32mx/lib\libpic32.a(vector54.o)
                0x9fc018c0                __vector_dispatch_54
                0x00000001                ASSERT (((_vector_spacing == 0x0) || (SIZEOF (.vector_54) <= (_vector_spacing << 0x5))), function at exception vector 54 too large)

.vector_55      0x9fc018e0        0x8
 *(.vector_55)
 .vector_55     0x9fc018e0        0x8 c:/program files (x86)/microchip/xc32/v1.30/bin/../lib/gcc/pic32mx/4.5.2/../../../../pic32mx/lib\libpic32.a(vector55.o)
                0x9fc018e0                __vector_dispatch_55
                0x00000001                ASSERT (((_vector_spacing == 0x0) || (SIZEOF (.vector_55) <= (_vector_spacing << 0x5))), function at exception vector 55 too large)

.vector_56      0x9fc01900        0x8
 *(.vector_56)
 .vector_56     0x9fc01900        0x8 c:/program files (x86)/microchip/xc32/v1.30/bin/../lib/gcc/pic32mx/4.5.2/../../../../pic32mx/lib\libpic32.a(vector56.o)
                0x9fc01900                __vector_dispatch_56
                0x00000001                ASSERT (((_vector_spacing == 0x0) || (SIZEOF (.vector_56) <= (_vector_spacing << 0x5))), function at exception vector 56 too large)

.vector_57      0x9fc01920        0x8
 *(.vector_57)
 .vector_57     0x9fc01920        0x8 c:/program files (x86)/microchip/xc32/v1.30/bin/../lib/gcc/pic32mx/4.5.2/../../../../pic32mx/lib\libpic32.a(vector57.o)
                0x9fc01920                __vector_dispatch_57
                0x00000001                ASSERT (((_vector_spacing == 0x0) || (SIZEOF (.vector_57) <= (_vector_spacing << 0x5))), function at exception vector 57 too large)

.vector_58      0x9fc01940        0x8
 *(.vector_58)
 .vector_58     0x9fc01940        0x8 c:/program files (x86)/microchip/xc32/v1.30/bin/../lib/gcc/pic32mx/4.5.2/../../../../pic32mx/lib\libpic32.a(vector58.o)
                0x9fc01940                __vector_dispatch_58
                0x00000001                ASSERT (((_vector_spacing == 0x0) || (SIZEOF (.vector_58) <= (_vector_spacing << 0x5))), function at exception vector 58 too large)

.vector_59      0x9fc01960        0x8
 *(.vector_59)
 .vector_59     0x9fc01960        0x8 c:/program files (x86)/microchip/xc32/v1.30/bin/../lib/gcc/pic32mx/4.5.2/../../../../pic32mx/lib\libpic32.a(vector59.o)
                0x9fc01960                __vector_dispatch_59
                0x00000001                ASSERT (((_vector_spacing == 0x0) || (SIZEOF (.vector_59) <= (_vector_spacing << 0x5))), function at exception vector 59 too large)

.vector_60      0x9fc01980        0x8
 *(.vector_60)
 .vector_60     0x9fc01980        0x8 c:/program files (x86)/microchip/xc32/v1.30/bin/../lib/gcc/pic32mx/4.5.2/../../../../pic32mx/lib\libpic32.a(vector60.o)
                0x9fc01980                __vector_dispatch_60
                0x00000001                ASSERT (((_vector_spacing == 0x0) || (SIZEOF (.vector_60) <= (_vector_spacing << 0x5))), function at exception vector 60 too large)

.vector_61      0x9fc019a0        0x8
 *(.vector_61)
 .vector_61     0x9fc019a0        0x8 c:/program files (x86)/microchip/xc32/v1.30/bin/../lib/gcc/pic32mx/4.5.2/../../../../pic32mx/lib\libpic32.a(vector61.o)
                0x9fc019a0                __vector_dispatch_61
                0x00000001                ASSERT (((_vector_spacing == 0x0) || (SIZEOF (.vector_61) <= (_vector_spacing << 0x5))), function at exception vector 61 too large)

.vector_62      0x9fc019c0        0x8
 *(.vector_62)
 .vector_62     0x9fc019c0        0x8 c:/program files (x86)/microchip/xc32/v1.30/bin/../lib/gcc/pic32mx/4.5.2/../../../../pic32mx/lib\libpic32.a(vector62.o)
                0x9fc019c0                __vector_dispatch_62
                0x00000001                ASSERT (((_vector_spacing == 0x0) || (SIZEOF (.vector_62) <= (_vector_spacing << 0x5))), function at exception vector 62 too large)

.vector_63      0x9fc019e0        0x8
 *(.vector_63)
 .vector_63     0x9fc019e0        0x8 c:/program files (x86)/microchip/xc32/v1.30/bin/../lib/gcc/pic32mx/4.5.2/../../../../pic32mx/lib\libpic32.a(vector63.o)
                0x9fc019e0                __vector_dispatch_63
                0x00000001                ASSERT (((_vector_spacing == 0x0) || (SIZEOF (.vector_63) <= (_vector_spacing << 0x5))), function at exception vector 63 too large)

.startup
 *(.startup)

.text           0x9d000000        0x0
 *(.stub .gnu.linkonce.t.*)
 *(.text.*personality*)
 *(.mips16.fn.*)
 *(.mips16.call.*)
 *(.gnu.warning)
                0x9d000000                . = ALIGN (0x4)

.init           0x9d000000        0x0
 *crti.o(.init)
 *crtbegin.o(.init)
 *(EXCLUDE_FILE(*crtn.o *crtend?.o *crtend.o) .init)
 *crtend.o(.init)
 *crtn.o(.init)
                0x9d000000                . = ALIGN (0x4)

.fini           0x9d000000        0x0
 *(.fini)
                0x9d000000                . = ALIGN (0x4)

.preinit_array  0x9d000000        0x0
                0x9d000000                PROVIDE (__preinit_array_start, .)
 *(.preinit_array)
                0x9d000000                PROVIDE (__preinit_array_end, .)
                0x9d000000                . = ALIGN (0x4)

.init_array     0x9d000000        0x0
                0x9d000000                PROVIDE (__init_array_start, .)
 *(SORT(.init_array.*))
 *(.init_array)
                0x9d000000                PROVIDE (__init_array_end, .)
                0x9d000000                . = ALIGN (0x4)

.fini_array     0x9d000000        0x0
                0x9d000000                PROVIDE (__fini_array_start, .)
 *(SORT(.fini_array.*))
 *(.fini_array)
                0x9d000000                PROVIDE (__fini_array_end, .)
                0x9d000000                . = ALIGN (0x4)

.ctors          0x9d000000        0x0
 *crtbegin.o(.ctors)
 *crtbegin?.o(.ctors)
 *(EXCLUDE_FILE(*crtend?.o *crtend.o) .ctors)
 *(SORT(.ctors.*))
 *(.ctors)
                0x9d000000                . = ALIGN (0x4)

.dtors          0x9d000000        0x0
 *crtbegin.o(.dtors)
 *crtbegin?.o(.dtors)
 *(EXCLUDE_FILE(*crtend?.o *crtend.o) .dtors)
 *(SORT(.dtors.*))
 *(.dtors)
                0x9d000000                . = ALIGN (0x4)

.rodata         0x9d000000        0x0
 *(.gnu.linkonce.r.*)
 *(.rodata1)
                0x9d000000                . = ALIGN (0x4)

.sdata2         0x9fc00490        0x0
 *(.sdata2 .sdata2.* .gnu.linkonce.s2.*)
                0x9fc00490                . = ALIGN (0x4)

.sbss2          0x9fc00490        0x0
 *(.sbss2 .sbss2.* .gnu.linkonce.sb2.*)
                0x9fc00490                . = ALIGN (0x4)

.eh_frame_hdr
 *(.eh_frame_hdr)
                0x9fc00490                . = ALIGN (0x4)

.eh_frame
 *(.eh_frame)
                0x9fc00490                . = ALIGN (0x4)

.gcc_except_table
 *(.gcc_except_table .gcc_except_table.*)
                0x9fc00490                . = ALIGN (0x4)

.dbg_data       0xa0000000        0x0
                0xa0000000                . = (. + DEFINED (_DEBUGGER)?0x200:0x0)

.jcr            0xa0000000        0x0
 *(.jcr)
                0xa0000000                . = ALIGN (0x4)

.eh_frame       0xa0000000       0x30
 *(.eh_frame)
 .eh_frame      0xa0000000       0x20 c:/program files (x86)/microchip/xc32/v1.30/bin/../lib/gcc/pic32mx/4.5.2\libgcc.a(_udivdi3.o)
 .eh_frame      0xa0000020       0x10 c:/program files (x86)/microchip/xc32/v1.30/bin/../lib/gcc/pic32mx/4.5.2\libgcc.a(_umoddi3.o)
                0xa0000030                . = ALIGN (0x4)

.gcc_except_table
 *(.gcc_except_table .gcc_except_table.*)
                0xa0000030                . = ALIGN (0x4)

.persist        0xa0000030        0x0
                0xa0000030                _persist_begin = .
 *(.persist .persist.*)
 *(.pbss .pbss.*)
                0xa0000030                . = ALIGN (0x4)
                0xa0000030                _persist_end = .

.data           0xa0000030        0x0
 *(.gnu.linkonce.d.*)
 *(.data1)
                0xa0000030                . = ALIGN (0x4)
                0xa0000030                . = .
                0xa0008020                _gp = (ALIGN (0x10) + 0x7ff0)

.got            0xa0000030        0x0
 *(.got.plt)
 *(.got)
                0xa0000030                . = ALIGN (0x4)

.sdata          0xa0000030       0x18
                0xa0000030                _sdata_begin = .
 *(.sdata .sdata.* .gnu.linkonce.s.*)
 .sdata         0xa0000030        0xc build/PIC32MX795F512L_PIM/production/_ext/1472/main.o
                0xa0000030                displayFlag
 .sdata         0xa000003c        0x1 build/PIC32MX795F512L_PIM/production/_ext/1472/PCA9685 _PIC32.o
 *fill*         0xa000003d        0x3 
 .sdata         0xa0000040        0x4 c:/program files (x86)/microchip/xc32/v1.30/bin/../lib/gcc/pic32mx/4.5.2/../../../../pic32mx/lib\libc.a(_iob.o)
                0xa0000040                _Files
 .sdata         0xa0000044        0x4 c:/program files (x86)/microchip/xc32/v1.30/bin/../lib/gcc/pic32mx/4.5.2/../../../../pic32mx/lib\libpic32.a(xc32_uart.o)
                0xa0000044                __XC_UART
                0xa0000048                . = ALIGN (0x4)
                0xa0000048                _sdata_end = .

.lit8
 *(.lit8)

.lit4
 *(.lit4)
                0xa0000048                . = ALIGN (0x4)
                0xa0000048                _data_end = .
                0xa0000048                _bss_begin = .

.sbss           0xa0000048       0x58
                0xa0000048                _sbss_begin = .
 *(.dynsbss)
 *(.sbss .sbss.* .gnu.linkonce.sb.*)
 .sbss          0xa0000048       0x3c build/PIC32MX795F512L_PIM/production/_ext/1472/main.o
                0xa0000048                DMATxTestFlag
                0xa0000049                HOSTRxBufferFull
                0xa000004a                XBEERxBufferFull
                0xa000004b                RS485RxBufferFull
                0xa000004c                RS485TxBufferFull
                0xa0000050                RS485TxIndex
                0xa0000054                RS485TxLength
                0xa0000058                ActualRS485BaudRate
                0xa000005c                timeout
                0xa0000060                DATABufferFull
                0xa0000062                seconds
                0xa0000064                minutes
                0xa0000066                hundredths
                0xa0000068                TestMode
                0xa000006a                SWRead
                0xa000006c                SWChangeFlag
                0xa000006d                intFlag
                0xa000006e                memoryFlag
                0xa000006f                runState
                0xa0000070                errIndex
 .sbss          0xa0000084        0x4 build/PIC32MX795F512L_PIM/production/_ext/1472/I2C_4BUS_EEPROM_PIC32.o
 .sbss          0xa0000088        0x1 c:/program files (x86)/microchip/xc32/v1.30/bin/../lib/gcc/pic32mx/4.5.2/../../../../pic32mx/lib\libc.a(_iob.o)
                0xa0000088                _outdone
 *fill*         0xa0000089        0x3 
 .sbss          0xa000008c        0x4 c:/program files (x86)/microchip/xc32/v1.30/bin/../lib/gcc/pic32mx/4.5.2/../../../../pic32mx/lib\libpic32.a(errno.o)
                0xa000008c                errno
 *(.scommon)
 .scommon       0xa0000090        0xa build/PIC32MX795F512L_PIM/production/_ext/1472/main.o
                0xa0000090                time
                0xa0000094                ActualXBEEBaudRate
                0xa0000098                offSet
 *fill*         0xa000009a        0x2 
 .scommon       0xa000009c        0x2 build/PIC32MX795F512L_PIM/production/_ext/1472/CRCmodbus.o
                0xa000009c                Cconvert
                0xa000009e                _sbss_end = .
                0xa00000a0                . = ALIGN (0x4)
 *fill*         0xa000009e        0x2 

.bss            0xa00000a0      0x938
 *(.dynbss)
 *(COMMON)
 COMMON         0xa00000a0      0x938 build/PIC32MX795F512L_PIM/production/_ext/1472/main.o
                0xa00000a0                RS485RxBuffer
                0xa00001a0                XBEERxBuffer
                0xa00002a0                ADresult
                0xa00002b4                servoPositions
                0xa0000334                HOSTTxBuffer
                0xa0000434                PID
                0xa00005c4                NUMbuffer
                0xa00005d8                ServoData
                0xa00006d8                HOSTRxBuffer
                0xa00007d8                MEMORYBuffer
                0xa00008d8                RS485_DMA_RxBuffer
                0xa00009d8                . = ALIGN ((. != 0x0)?0x4:0x1)
                0xa00009d8                . = ALIGN (0x4)
                0xa00009d8                _end = .
                0xa00009d8                _bss_end = .
                0x00020000                _bmxdudba_address = 0x20000
                0x00020000                _bmxdupba_address = 0x20000

/DISCARD/
 *(.pdr)
 *(.rel.dyn)
 *(.note.GNU-stack)
 *(.note.GNU-stack)
 *(.gnu_debuglink)
 *(.gnu.lto_*)
 *(.discard)

.gptab.sdata
 *(.gptab.data)
 *(.gptab.sdata)

.gptab.sbss
 *(.gptab.bss)
 *(.gptab.sbss)

.mdebug.abi32   0xa00009d8        0x0
 *(.mdebug.abi32)
 .mdebug.abi32  0xa00009d8        0x0 build/PIC32MX795F512L_PIM/production/_ext/1472/main.o
 .mdebug.abi32  0xa00009d8        0x0 build/PIC32MX795F512L_PIM/production/_ext/1472/DelayPIC32.o
 .mdebug.abi32  0xa00009d8        0x0 build/PIC32MX795F512L_PIM/production/_ext/1472/I2C_4BUS_EEPROM_PIC32.o
 .mdebug.abi32  0xa00009d8        0x0 build/PIC32MX795F512L_PIM/production/_ext/1472/PCA9685 _PIC32.o
 .mdebug.abi32  0xa00009d8        0x0 build/PIC32MX795F512L_PIM/production/_ext/1472/CRCmodbus.o
 .mdebug.abi32  0xa00009d8        0x0 c:/program files (x86)/microchip/xc32/v1.30/bin/../lib/gcc/pic32mx/4.5.2/../../../../pic32mx/lib\libmchp_peripheral_32MX795F512L.a(pcache.o)
 .mdebug.abi32  0xa00009d8        0x0 c:/program files (x86)/microchip/xc32/v1.30/bin/../lib/gcc/pic32mx/4.5.2/../../../../pic32mx/lib\libmchp_peripheral_32MX795F512L.a(int_disable_interrupts_lib.o)
 .mdebug.abi32  0xa00009d8        0x0 c:/program files (x86)/microchip/xc32/v1.30/bin/../lib/gcc/pic32mx/4.5.2/../../../../pic32mx/lib\libmchp_peripheral_32MX795F512L.a(int_restore_interrupts_lib.o)
 .mdebug.abi32  0xa00009d8        0x0 c:/program files (x86)/microchip/xc32/v1.30/bin/../lib/gcc/pic32mx/4.5.2/../../../../pic32mx/lib\libmchp_peripheral_32MX795F512L.a(int_enable_mv_int_lib.o)
 .mdebug.abi32  0xa00009d8        0x0 c:/program files (x86)/microchip/xc32/v1.30/bin/../lib/gcc/pic32mx/4.5.2/../../../../pic32mx/lib\libmchp_peripheral_32MX795F512L.a(int_tbl_lib.o)
 .mdebug.abi32  0xa00009d8        0x0 c:/program files (x86)/microchip/xc32/v1.30/bin/../lib/gcc/pic32mx/4.5.2/../../../../pic32mx/lib\libmchp_peripheral_32MX795F512L.a(dma_chn_set_ev_enable_flags_lib.o)
 .mdebug.abi32  0xa00009d8        0x0 c:/program files (x86)/microchip/xc32/v1.30/bin/../lib/gcc/pic32mx/4.5.2/../../../../pic32mx/lib\libmchp_peripheral_32MX795F512L.a(dma_chn_clr_ev_flags_lib.o)
 .mdebug.abi32  0xa00009d8        0x0 c:/program files (x86)/microchip/xc32/v1.30/bin/../lib/gcc/pic32mx/4.5.2/../../../../pic32mx/lib\libmchp_peripheral_32MX795F512L.a(dma_chn_open_lib.o)
 .mdebug.abi32  0xa00009d8        0x0 c:/program files (x86)/microchip/xc32/v1.30/bin/../lib/gcc/pic32mx/4.5.2/../../../../pic32mx/lib\libmchp_peripheral_32MX795F512L.a(dma_chn_enable_lib.o)
 .mdebug.abi32  0xa00009d8        0x0 c:/program files (x86)/microchip/xc32/v1.30/bin/../lib/gcc/pic32mx/4.5.2/../../../../pic32mx/lib\libmchp_peripheral_32MX795F512L.a(dma_chn_get_ev_flags_lib.o)
 .mdebug.abi32  0xa00009d8        0x0 c:/program files (x86)/microchip/xc32/v1.30/bin/../lib/gcc/pic32mx/4.5.2/../../../../pic32mx/lib\libmchp_peripheral_32MX795F512L.a(dma_chn_write_event_control_flags_lib.o)
 .mdebug.abi32  0xa00009d8        0x0 c:/program files (x86)/microchip/xc32/v1.30/bin/../lib/gcc/pic32mx/4.5.2/../../../../pic32mx/lib\libmchp_peripheral_32MX795F512L.a(dma_chn_set_match_pattern_lib.o)
 .mdebug.abi32  0xa00009d8        0x0 c:/program files (x86)/microchip/xc32/v1.30/bin/../lib/gcc/pic32mx/4.5.2/../../../../pic32mx/lib\libmchp_peripheral_32MX795F512L.a(dma_chn_set_txfer_lib.o)
 .mdebug.abi32  0xa00009d8        0x0 c:/program files (x86)/microchip/xc32/v1.30/bin/../lib/gcc/pic32mx/4.5.2/../../../../pic32mx/lib\libmchp_peripheral_32MX795F512L.a(dma_reg_map_tbl_lib.o)
 .mdebug.abi32  0xa00009d8        0x0 c:/program files (x86)/microchip/xc32/v1.30/bin/../lib/gcc/pic32mx/4.5.2/../../../../pic32mx/lib\libmchp_peripheral_32MX795F512L.a(port_set_pins_digital_in_lib.o)
 .mdebug.abi32  0xa00009d8        0x0 c:/program files (x86)/microchip/xc32/v1.30/bin/../lib/gcc/pic32mx/4.5.2/../../../../pic32mx/lib\libmchp_peripheral_32MX795F512L.a(port_set_pins_digital_out_lib.o)
 .mdebug.abi32  0xa00009d8        0x0 c:/program files (x86)/microchip/xc32/v1.30/bin/../lib/gcc/pic32mx/4.5.2/../../../../pic32mx/lib\libmchp_peripheral_32MX795F512L.a(_ports_tbl_libp.o)
 .mdebug.abi32  0xa00009d8        0x0 c:/program files (x86)/microchip/xc32/v1.30/bin/../lib/gcc/pic32mx/4.5.2/../../../../pic32mx/lib\libmchp_peripheral_32MX795F512L.a(uart_lib.o)
 .mdebug.abi32  0xa00009d8        0x0 c:/program files (x86)/microchip/xc32/v1.30/bin/../lib/gcc/pic32mx/4.5.2/../../../../pic32mx/lib\libmchp_peripheral_32MX795F512L.a(I2CBusIsIdle.o)
 .mdebug.abi32  0xa00009d8        0x0 c:/program files (x86)/microchip/xc32/v1.30/bin/../lib/gcc/pic32mx/4.5.2/../../../../pic32mx/lib\libmchp_peripheral_32MX795F512L.a(I2CClearStatus.o)
 .mdebug.abi32  0xa00009d8        0x0 c:/program files (x86)/microchip/xc32/v1.30/bin/../lib/gcc/pic32mx/4.5.2/../../../../pic32mx/lib\libmchp_peripheral_32MX795F512L.a(I2CConfigure.o)
 .mdebug.abi32  0xa00009d8        0x0 c:/program files (x86)/microchip/xc32/v1.30/bin/../lib/gcc/pic32mx/4.5.2/../../../../pic32mx/lib\libmchp_peripheral_32MX795F512L.a(I2CEnable.o)
 .mdebug.abi32  0xa00009d8        0x0 c:/program files (x86)/microchip/xc32/v1.30/bin/../lib/gcc/pic32mx/4.5.2/../../../../pic32mx/lib\libmchp_peripheral_32MX795F512L.a(I2CGetStatus.o)
 .mdebug.abi32  0xa00009d8        0x0 c:/program files (x86)/microchip/xc32/v1.30/bin/../lib/gcc/pic32mx/4.5.2/../../../../pic32mx/lib\libmchp_peripheral_32MX795F512L.a(I2CReceivedDataIsAvailable.o)
 .mdebug.abi32  0xa00009d8        0x0 c:/program files (x86)/microchip/xc32/v1.30/bin/../lib/gcc/pic32mx/4.5.2/../../../../pic32mx/lib\libmchp_peripheral_32MX795F512L.a(I2CRepeatStart.o)
 .mdebug.abi32  0xa00009d8        0x0 c:/program files (x86)/microchip/xc32/v1.30/bin/../lib/gcc/pic32mx/4.5.2/../../../../pic32mx/lib\libmchp_peripheral_32MX795F512L.a(I2CSendByte.o)
 .mdebug.abi32  0xa00009d8        0x0 c:/program files (x86)/microchip/xc32/v1.30/bin/../lib/gcc/pic32mx/4.5.2/../../../../pic32mx/lib\libmchp_peripheral_32MX795F512L.a(I2CSetFrequency.o)
 .mdebug.abi32  0xa00009d8        0x0 c:/program files (x86)/microchip/xc32/v1.30/bin/../lib/gcc/pic32mx/4.5.2/../../../../pic32mx/lib\libmchp_peripheral_32MX795F512L.a(I2CStart.o)
 .mdebug.abi32  0xa00009d8        0x0 c:/program files (x86)/microchip/xc32/v1.30/bin/../lib/gcc/pic32mx/4.5.2/../../../../pic32mx/lib\libmchp_peripheral_32MX795F512L.a(I2CStop.o)
 .mdebug.abi32  0xa00009d8        0x0 c:/program files (x86)/microchip/xc32/v1.30/bin/../lib/gcc/pic32mx/4.5.2/../../../../pic32mx/lib\libmchp_peripheral_32MX795F512L.a(I2CTransmissionHasCompleted.o)
 .mdebug.abi32  0xa00009d8        0x0 c:/program files (x86)/microchip/xc32/v1.30/bin/../lib/gcc/pic32mx/4.5.2/../../../../pic32mx/lib\libmchp_peripheral_32MX795F512L.a(I2CTransmitterIsReady.o)
 .mdebug.abi32  0xa00009d8        0x0 c:/program files (x86)/microchip/xc32/v1.30/bin/../lib/gcc/pic32mx/4.5.2/../../../../pic32mx/lib\libmchp_peripheral_32MX795F512L.a(int_enable_interrupts_lib.o)
 .mdebug.abi32  0xa00009d8        0x0 c:/program files (x86)/microchip/xc32/v1.30/bin/../lib/gcc/pic32mx/4.5.2/../../../../pic32mx/lib\libmchp_peripheral_32MX795F512L.a(I2CPrivate.o)
 .mdebug.abi32  0xa00009d8        0x0 c:/program files (x86)/microchip/xc32/v1.30/bin/../lib/gcc/pic32mx/4.5.2/../../../../pic32mx/lib\libpic32.a(default-bootstrap-exception-handler.o)
 .mdebug.abi32  0xa00009d8        0x0 c:/program files (x86)/microchip/xc32/v1.30/bin/../lib/gcc/pic32mx/4.5.2/../../../../pic32mx/lib\libpic32.a(default-on-reset.o)
 .mdebug.abi32  0xa00009d8        0x0 c:/program files (x86)/microchip/xc32/v1.30/bin/../lib/gcc/pic32mx/4.5.2/../../../../pic32mx/lib\libpic32.a(default-on-bootstrap.o)
 .mdebug.abi32  0xa00009d8        0x0 c:/program files (x86)/microchip/xc32/v1.30/bin/../lib/gcc/pic32mx/4.5.2/../../../../pic32mx/lib\libpic32.a(default-general-exception-handler.o)
 .mdebug.abi32  0xa00009d8        0x0 c:/program files (x86)/microchip/xc32/v1.30/bin/../lib/gcc/pic32mx/4.5.2/../../../../pic32mx/lib\libpic32.a(defaultinterrupt.o)
 .mdebug.abi32  0xa00009d8        0x0 c:/program files (x86)/microchip/xc32/v1.30/bin/../lib/gcc/pic32mx/4.5.2/../../../../pic32mx/lib\libc.a(_iob.o)
 .mdebug.abi32  0xa00009d8        0x0 c:/program files (x86)/microchip/xc32/v1.30/bin/../lib/gcc/pic32mx/4.5.2/../../../../pic32mx/lib\libc.a(_fputc_simple.o)
 .mdebug.abi32  0xa00009d8        0x0 c:/program files (x86)/microchip/xc32/v1.30/bin/../lib/gcc/pic32mx/4.5.2/../../../../pic32mx/lib\libc.a(ctype.o)
 .mdebug.abi32  0xa00009d8        0x0 c:/program files (x86)/microchip/xc32/v1.30/bin/../lib/gcc/pic32mx/4.5.2/../../../../pic32mx/lib\libc.a(ctypef.o)
 .mdebug.abi32  0xa00009d8        0x0 c:/program files (x86)/microchip/xc32/v1.30/bin/../lib/gcc/pic32mx/4.5.2/../../../../pic32mx/lib\libc.a(strcat.o)
 .mdebug.abi32  0xa00009d8        0x0 c:/program files (x86)/microchip/xc32/v1.30/bin/../lib/gcc/pic32mx/4.5.2/../../../../pic32mx/lib\libc.a(atof.o)
 .mdebug.abi32  0xa00009d8        0x0 c:/program files (x86)/microchip/xc32/v1.30/bin/../lib/gcc/pic32mx/4.5.2/../../../../pic32mx/lib\libc.a(printf_cdfFnopsuxX.eo)
 .mdebug.abi32  0xa00009d8        0x0 c:/program files (x86)/microchip/xc32/v1.30/bin/../lib/gcc/pic32mx/4.5.2/../../../../pic32mx/lib\libc.a(_flsbuf_simple.o)
 .mdebug.abi32  0xa00009d8        0x0 c:/program files (x86)/microchip/xc32/v1.30/bin/../lib/gcc/pic32mx/4.5.2/../../../../pic32mx/lib\libc.a(strtof.o)
 .mdebug.abi32  0xa00009d8        0x0 c:/program files (x86)/microchip/xc32/v1.30/bin/../lib/gcc/pic32mx/4.5.2/../../../../pic32mx/lib\libc.a(doprnt_cdfFnopsuxX.eo)
 .mdebug.abi32  0xa00009d8        0x0 c:/program files (x86)/microchip/xc32/v1.30/bin/../lib/gcc/pic32mx/4.5.2/../../../../pic32mx/lib\libc.a(powersf.o)
 .mdebug.abi32  0xa00009d8        0x0 c:/program files (x86)/microchip/xc32/v1.30/bin/../lib/gcc/pic32mx/4.5.2/../../../../pic32mx/lib\libpic32.a(write.o)
 .mdebug.abi32  0xa00009d8        0x0 c:/program files (x86)/microchip/xc32/v1.30/bin/../lib/gcc/pic32mx/4.5.2/../../../../pic32mx/lib\libpic32.a(_mon_putc.o)
 .mdebug.abi32  0xa00009d8        0x0 c:/program files (x86)/microchip/xc32/v1.30/bin/../lib/gcc/pic32mx/4.5.2/../../../../pic32mx/lib\libpic32.a(xc32_uart.o)
 .mdebug.abi32  0xa00009d8        0x0 c:/program files (x86)/microchip/xc32/v1.30/bin/../lib/gcc/pic32mx/4.5.2/../../../../pic32mx/lib\libe.a(_floatdisf.o)
 .mdebug.abi32  0xa00009d8        0x0 c:/program files (x86)/microchip/xc32/v1.30/bin/../lib/gcc/pic32mx/4.5.2/../../../../pic32mx/lib\libe.a(_strtof.o)
 .mdebug.abi32  0xa00009d8        0x0 c:/program files (x86)/microchip/xc32/v1.30/bin/../lib/gcc/pic32mx/4.5.2/../../../../pic32mx/lib\libe.a(_ldexpf.o)
 .mdebug.abi32  0xa00009d8        0x0 c:/program files (x86)/microchip/xc32/v1.30/bin/../lib/gcc/pic32mx/4.5.2\libgcc.a(_floatundisf.o)
 .mdebug.abi32  0xa00009d8        0x0 c:/program files (x86)/microchip/xc32/v1.30/bin/../lib/gcc/pic32mx/4.5.2\libgcc.a(_udivdi3.o)
 .mdebug.abi32  0xa00009d8        0x0 c:/program files (x86)/microchip/xc32/v1.30/bin/../lib/gcc/pic32mx/4.5.2\libgcc.a(_umoddi3.o)
 .mdebug.abi32  0xa00009d8        0x0 c:/program files (x86)/microchip/xc32/v1.30/bin/../lib/gcc/pic32mx/4.5.2\libgcc.a(floatunsisf.o)
 .mdebug.abi32  0xa00009d8        0x0 c:/program files (x86)/microchip/xc32/v1.30/bin/../lib/gcc/pic32mx/4.5.2/../../../../pic32mx/lib\libpic32.a(errno.o)

.mdebug.abiN32
 *(.mdebug.abiN32)

.mdebug.abi64
 *(.mdebug.abi64)

.mdebug.abiO64
 *(.mdebug.abiO64)

.mdebug.eabi32
 *(.mdebug.eabi32)

.mdebug.eabi64
 *(.mdebug.eabi64)

.gcc_compiled_long32
 *(.gcc_compiled_long32)

.gcc_compiled_long64
 *(.gcc_compiled_long64)

.stab
 *(.stab)

.stabstr
 *(.stabstr)

.stab.excl
 *(.stab.excl)

.stab.exclstr
 *(.stab.exclstr)

.stab.index
 *(.stab.index)

.stab.indexstr
 *(.stab.indexstr)

.comment        0x00000000      0x283
 *(.comment)
 .comment       0x00000000       0x3c build/PIC32MX795F512L_PIM/production/_ext/1472/main.o
                                 0x3d (size before relaxing)
 .comment       0x00000000       0x3d build/PIC32MX795F512L_PIM/production/_ext/1472/DelayPIC32.o
 .comment       0x00000000       0x3d build/PIC32MX795F512L_PIM/production/_ext/1472/I2C_4BUS_EEPROM_PIC32.o
 .comment       0x00000000       0x3d build/PIC32MX795F512L_PIM/production/_ext/1472/PCA9685 _PIC32.o
 .comment       0x00000000       0x3d build/PIC32MX795F512L_PIM/production/_ext/1472/CRCmodbus.o
 .comment       0x0000003c       0x3c c:/program files (x86)/microchip/xc32/v1.30/bin/../lib/gcc/pic32mx/4.5.2/../../../../pic32mx/lib\libmchp_peripheral_32MX795F512L.a(pcache.o)
                                 0x3d (size before relaxing)
 .comment       0x00000000       0x3d c:/program files (x86)/microchip/xc32/v1.30/bin/../lib/gcc/pic32mx/4.5.2/../../../../pic32mx/lib\libmchp_peripheral_32MX795F512L.a(int_disable_interrupts_lib.o)
 .comment       0x00000000       0x3d c:/program files (x86)/microchip/xc32/v1.30/bin/../lib/gcc/pic32mx/4.5.2/../../../../pic32mx/lib\libmchp_peripheral_32MX795F512L.a(int_restore_interrupts_lib.o)
 .comment       0x00000000       0x3d c:/program files (x86)/microchip/xc32/v1.30/bin/../lib/gcc/pic32mx/4.5.2/../../../../pic32mx/lib\libmchp_peripheral_32MX795F512L.a(int_enable_mv_int_lib.o)
 .comment       0x00000000       0x3d c:/program files (x86)/microchip/xc32/v1.30/bin/../lib/gcc/pic32mx/4.5.2/../../../../pic32mx/lib\libmchp_peripheral_32MX795F512L.a(int_tbl_lib.o)
 .comment       0x00000000       0x3d c:/program files (x86)/microchip/xc32/v1.30/bin/../lib/gcc/pic32mx/4.5.2/../../../../pic32mx/lib\libmchp_peripheral_32MX795F512L.a(dma_chn_set_ev_enable_flags_lib.o)
 .comment       0x00000000       0x3d c:/program files (x86)/microchip/xc32/v1.30/bin/../lib/gcc/pic32mx/4.5.2/../../../../pic32mx/lib\libmchp_peripheral_32MX795F512L.a(dma_chn_clr_ev_flags_lib.o)
 .comment       0x00000000       0x3d c:/program files (x86)/microchip/xc32/v1.30/bin/../lib/gcc/pic32mx/4.5.2/../../../../pic32mx/lib\libmchp_peripheral_32MX795F512L.a(dma_chn_open_lib.o)
 .comment       0x00000000       0x3d c:/program files (x86)/microchip/xc32/v1.30/bin/../lib/gcc/pic32mx/4.5.2/../../../../pic32mx/lib\libmchp_peripheral_32MX795F512L.a(dma_chn_enable_lib.o)
 .comment       0x00000000       0x3d c:/program files (x86)/microchip/xc32/v1.30/bin/../lib/gcc/pic32mx/4.5.2/../../../../pic32mx/lib\libmchp_peripheral_32MX795F512L.a(dma_chn_get_ev_flags_lib.o)
 .comment       0x00000000       0x3d c:/program files (x86)/microchip/xc32/v1.30/bin/../lib/gcc/pic32mx/4.5.2/../../../../pic32mx/lib\libmchp_peripheral_32MX795F512L.a(dma_chn_write_event_control_flags_lib.o)
 .comment       0x00000000       0x3d c:/program files (x86)/microchip/xc32/v1.30/bin/../lib/gcc/pic32mx/4.5.2/../../../../pic32mx/lib\libmchp_peripheral_32MX795F512L.a(dma_chn_set_match_pattern_lib.o)
 .comment       0x00000000       0x3d c:/program files (x86)/microchip/xc32/v1.30/bin/../lib/gcc/pic32mx/4.5.2/../../../../pic32mx/lib\libmchp_peripheral_32MX795F512L.a(dma_chn_set_txfer_lib.o)
 .comment       0x00000000       0x3d c:/program files (x86)/microchip/xc32/v1.30/bin/../lib/gcc/pic32mx/4.5.2/../../../../pic32mx/lib\libmchp_peripheral_32MX795F512L.a(dma_reg_map_tbl_lib.o)
 .comment       0x00000000       0x3d c:/program files (x86)/microchip/xc32/v1.30/bin/../lib/gcc/pic32mx/4.5.2/../../../../pic32mx/lib\libmchp_peripheral_32MX795F512L.a(port_set_pins_digital_in_lib.o)
 .comment       0x00000000       0x3d c:/program files (x86)/microchip/xc32/v1.30/bin/../lib/gcc/pic32mx/4.5.2/../../../../pic32mx/lib\libmchp_peripheral_32MX795F512L.a(port_set_pins_digital_out_lib.o)
 .comment       0x00000000       0x3d c:/program files (x86)/microchip/xc32/v1.30/bin/../lib/gcc/pic32mx/4.5.2/../../../../pic32mx/lib\libmchp_peripheral_32MX795F512L.a(_ports_tbl_libp.o)
 .comment       0x00000000       0x3d c:/program files (x86)/microchip/xc32/v1.30/bin/../lib/gcc/pic32mx/4.5.2/../../../../pic32mx/lib\libmchp_peripheral_32MX795F512L.a(uart_lib.o)
 .comment       0x00000000       0x3d c:/program files (x86)/microchip/xc32/v1.30/bin/../lib/gcc/pic32mx/4.5.2/../../../../pic32mx/lib\libmchp_peripheral_32MX795F512L.a(I2CBusIsIdle.o)
 .comment       0x00000000       0x3d c:/program files (x86)/microchip/xc32/v1.30/bin/../lib/gcc/pic32mx/4.5.2/../../../../pic32mx/lib\libmchp_peripheral_32MX795F512L.a(I2CClearStatus.o)
 .comment       0x00000000       0x3d c:/program files (x86)/microchip/xc32/v1.30/bin/../lib/gcc/pic32mx/4.5.2/../../../../pic32mx/lib\libmchp_peripheral_32MX795F512L.a(I2CConfigure.o)
 .comment       0x00000000       0x3d c:/program files (x86)/microchip/xc32/v1.30/bin/../lib/gcc/pic32mx/4.5.2/../../../../pic32mx/lib\libmchp_peripheral_32MX795F512L.a(I2CEnable.o)
 .comment       0x00000000       0x3d c:/program files (x86)/microchip/xc32/v1.30/bin/../lib/gcc/pic32mx/4.5.2/../../../../pic32mx/lib\libmchp_peripheral_32MX795F512L.a(I2CGetStatus.o)
 .comment       0x00000000       0x3d c:/program files (x86)/microchip/xc32/v1.30/bin/../lib/gcc/pic32mx/4.5.2/../../../../pic32mx/lib\libmchp_peripheral_32MX795F512L.a(I2CReceivedDataIsAvailable.o)
 .comment       0x00000000       0x3d c:/program files (x86)/microchip/xc32/v1.30/bin/../lib/gcc/pic32mx/4.5.2/../../../../pic32mx/lib\libmchp_peripheral_32MX795F512L.a(I2CRepeatStart.o)
 .comment       0x00000000       0x3d c:/program files (x86)/microchip/xc32/v1.30/bin/../lib/gcc/pic32mx/4.5.2/../../../../pic32mx/lib\libmchp_peripheral_32MX795F512L.a(I2CSendByte.o)
 .comment       0x00000000       0x3d c:/program files (x86)/microchip/xc32/v1.30/bin/../lib/gcc/pic32mx/4.5.2/../../../../pic32mx/lib\libmchp_peripheral_32MX795F512L.a(I2CSetFrequency.o)
 .comment       0x00000000       0x3d c:/program files (x86)/microchip/xc32/v1.30/bin/../lib/gcc/pic32mx/4.5.2/../../../../pic32mx/lib\libmchp_peripheral_32MX795F512L.a(I2CStart.o)
 .comment       0x00000000       0x3d c:/program files (x86)/microchip/xc32/v1.30/bin/../lib/gcc/pic32mx/4.5.2/../../../../pic32mx/lib\libmchp_peripheral_32MX795F512L.a(I2CStop.o)
 .comment       0x00000000       0x3d c:/program files (x86)/microchip/xc32/v1.30/bin/../lib/gcc/pic32mx/4.5.2/../../../../pic32mx/lib\libmchp_peripheral_32MX795F512L.a(I2CTransmissionHasCompleted.o)
 .comment       0x00000000       0x3d c:/program files (x86)/microchip/xc32/v1.30/bin/../lib/gcc/pic32mx/4.5.2/../../../../pic32mx/lib\libmchp_peripheral_32MX795F512L.a(I2CTransmitterIsReady.o)
 .comment       0x00000000       0x3d c:/program files (x86)/microchip/xc32/v1.30/bin/../lib/gcc/pic32mx/4.5.2/../../../../pic32mx/lib\libmchp_peripheral_32MX795F512L.a(int_enable_interrupts_lib.o)
 .comment       0x00000000       0x3d c:/program files (x86)/microchip/xc32/v1.30/bin/../lib/gcc/pic32mx/4.5.2/../../../../pic32mx/lib\libmchp_peripheral_32MX795F512L.a(I2CPrivate.o)
 .comment       0x00000078       0x18 c:/program files (x86)/microchip/xc32/v1.30/bin/../lib/gcc/pic32mx/4.5.2/../../../../pic32mx/lib\libpic32.a(memset.o)
                                 0x19 (size before relaxing)
 .comment       0x00000090       0x19 c:/program files (x86)/microchip/xc32/v1.30/bin/../lib/gcc/pic32mx/4.5.2/../../../../pic32mx/lib\libpic32.a(strlen.o)
                                 0x1a (size before relaxing)
 .comment       0x00000000       0x3d c:/program files (x86)/microchip/xc32/v1.30/bin/../lib/gcc/pic32mx/4.5.2/../../../../pic32mx/lib\libpic32.a(default-bootstrap-exception-handler.o)
 .comment       0x00000000       0x3d c:/program files (x86)/microchip/xc32/v1.30/bin/../lib/gcc/pic32mx/4.5.2/../../../../pic32mx/lib\libpic32.a(default-on-reset.o)
 .comment       0x00000000       0x3d c:/program files (x86)/microchip/xc32/v1.30/bin/../lib/gcc/pic32mx/4.5.2/../../../../pic32mx/lib\libpic32.a(default-on-bootstrap.o)
 .comment       0x00000000       0x3d c:/program files (x86)/microchip/xc32/v1.30/bin/../lib/gcc/pic32mx/4.5.2/../../../../pic32mx/lib\libpic32.a(default-general-exception-handler.o)
 .comment       0x00000000       0x3d c:/program files (x86)/microchip/xc32/v1.30/bin/../lib/gcc/pic32mx/4.5.2/../../../../pic32mx/lib\libpic32.a(defaultinterrupt.o)
 .comment       0x00000000       0x3d c:/program files (x86)/microchip/xc32/v1.30/bin/../lib/gcc/pic32mx/4.5.2/../../../../pic32mx/lib\libc.a(_iob.o)
 .comment       0x00000000       0x3d c:/program files (x86)/microchip/xc32/v1.30/bin/../lib/gcc/pic32mx/4.5.2/../../../../pic32mx/lib\libc.a(_fputc_simple.o)
 .comment       0x000000a9       0x4e c:/program files (x86)/microchip/xc32/v1.30/bin/../lib/gcc/pic32mx/4.5.2/../../../../pic32mx/lib\libc.a(ctype.o)
                                 0x8b (size before relaxing)
 .comment       0x000000f7       0x4f c:/program files (x86)/microchip/xc32/v1.30/bin/../lib/gcc/pic32mx/4.5.2/../../../../pic32mx/lib\libc.a(ctypef.o)
                                 0x8c (size before relaxing)
 .comment       0x00000000       0x3d c:/program files (x86)/microchip/xc32/v1.30/bin/../lib/gcc/pic32mx/4.5.2/../../../../pic32mx/lib\libc.a(strcat.o)
 .comment       0x00000000       0x3d c:/program files (x86)/microchip/xc32/v1.30/bin/../lib/gcc/pic32mx/4.5.2/../../../../pic32mx/lib\libc.a(atof.o)
 .comment       0x00000000       0x3d c:/program files (x86)/microchip/xc32/v1.30/bin/../lib/gcc/pic32mx/4.5.2/../../../../pic32mx/lib\libc.a(printf_cdfFnopsuxX.eo)
 .comment       0x00000000       0x3d c:/program files (x86)/microchip/xc32/v1.30/bin/../lib/gcc/pic32mx/4.5.2/../../../../pic32mx/lib\libc.a(_flsbuf_simple.o)
 .comment       0x00000000       0x3d c:/program files (x86)/microchip/xc32/v1.30/bin/../lib/gcc/pic32mx/4.5.2/../../../../pic32mx/lib\libc.a(strtof.o)
 .comment       0x00000000       0x3d c:/program files (x86)/microchip/xc32/v1.30/bin/../lib/gcc/pic32mx/4.5.2/../../../../pic32mx/lib\libc.a(doprnt_cdfFnopsuxX.eo)
 .comment       0x00000000       0x3d c:/program files (x86)/microchip/xc32/v1.30/bin/../lib/gcc/pic32mx/4.5.2/../../../../pic32mx/lib\libc.a(powersf.o)
 .comment       0x00000000       0x3d c:/program files (x86)/microchip/xc32/v1.30/bin/../lib/gcc/pic32mx/4.5.2/../../../../pic32mx/lib\libpic32.a(write.o)
 .comment       0x00000000       0x3d c:/program files (x86)/microchip/xc32/v1.30/bin/../lib/gcc/pic32mx/4.5.2/../../../../pic32mx/lib\libpic32.a(_mon_putc.o)
 .comment       0x00000000       0x3d c:/program files (x86)/microchip/xc32/v1.30/bin/../lib/gcc/pic32mx/4.5.2/../../../../pic32mx/lib\libpic32.a(xc32_uart.o)
 .comment       0x00000146       0x9e c:/program files (x86)/microchip/xc32/v1.30/bin/../lib/gcc/pic32mx/4.5.2/../../../../pic32mx/lib\libe.a(_floatdisf.o)
                                 0xdb (size before relaxing)
 .comment       0x000001e4       0x4f c:/program files (x86)/microchip/xc32/v1.30/bin/../lib/gcc/pic32mx/4.5.2/../../../../pic32mx/lib\libe.a(_strtof.o)
                                 0xda (size before relaxing)
 .comment       0x00000233       0x50 c:/program files (x86)/microchip/xc32/v1.30/bin/../lib/gcc/pic32mx/4.5.2/../../../../pic32mx/lib\libe.a(_ldexpf.o)
                                 0xdb (size before relaxing)
 .comment       0x00000000       0x3d c:/program files (x86)/microchip/xc32/v1.30/bin/../lib/gcc/pic32mx/4.5.2\libgcc.a(_floatundisf.o)
 .comment       0x00000000       0x3d c:/program files (x86)/microchip/xc32/v1.30/bin/../lib/gcc/pic32mx/4.5.2\libgcc.a(_udivdi3.o)
 .comment       0x00000000       0x3d c:/program files (x86)/microchip/xc32/v1.30/bin/../lib/gcc/pic32mx/4.5.2\libgcc.a(_umoddi3.o)
 .comment       0x00000000       0x3d c:/program files (x86)/microchip/xc32/v1.30/bin/../lib/gcc/pic32mx/4.5.2\libgcc.a(floatunsisf.o)
 .comment       0x00000000       0x3d c:/program files (x86)/microchip/xc32/v1.30/bin/../lib/gcc/pic32mx/4.5.2/../../../../pic32mx/lib\libpic32.a(errno.o)

.debug
 *(.debug)

.line
 *(.line)

.debug_srcinfo
 *(.debug_srcinfo)

.debug_sfnames
 *(.debug_sfnames)

.debug_aranges  0x00000000      0x830
 *(.debug_aranges)
 .debug_aranges
                0x00000000       0x20 build/PIC32MX795F512L_PIM/production/_ext/1472/main.o
 .debug_aranges
                0x00000020       0x20 build/PIC32MX795F512L_PIM/production/_ext/1472/DelayPIC32.o
 .debug_aranges
                0x00000040       0x20 build/PIC32MX795F512L_PIM/production/_ext/1472/I2C_4BUS_EEPROM_PIC32.o
 .debug_aranges
                0x00000060       0x20 build/PIC32MX795F512L_PIM/production/_ext/1472/PCA9685 _PIC32.o
 .debug_aranges
                0x00000080       0x20 build/PIC32MX795F512L_PIM/production/_ext/1472/CRCmodbus.o
 .debug_aranges
                0x000000a0       0x28 c:/program files (x86)/microchip/xc32/v1.30/bin/../lib/gcc/pic32mx/4.5.2/../../../../pic32mx/lib\libmchp_peripheral_32MX795F512L.a(pcache.o)
 .debug_aranges
                0x000000c8       0x20 c:/program files (x86)/microchip/xc32/v1.30/bin/../lib/gcc/pic32mx/4.5.2/../../../../pic32mx/lib\libmchp_peripheral_32MX795F512L.a(int_disable_interrupts_lib.o)
 .debug_aranges
                0x000000e8       0x20 c:/program files (x86)/microchip/xc32/v1.30/bin/../lib/gcc/pic32mx/4.5.2/../../../../pic32mx/lib\libmchp_peripheral_32MX795F512L.a(int_restore_interrupts_lib.o)
 .debug_aranges
                0x00000108       0x20 c:/program files (x86)/microchip/xc32/v1.30/bin/../lib/gcc/pic32mx/4.5.2/../../../../pic32mx/lib\libmchp_peripheral_32MX795F512L.a(int_enable_mv_int_lib.o)
 .debug_aranges
                0x00000128       0x60 c:/program files (x86)/microchip/xc32/v1.30/bin/../lib/gcc/pic32mx/4.5.2/../../../../pic32mx/lib\libmchp_peripheral_32MX795F512L.a(int_tbl_lib.o)
 .debug_aranges
                0x00000188       0x20 c:/program files (x86)/microchip/xc32/v1.30/bin/../lib/gcc/pic32mx/4.5.2/../../../../pic32mx/lib\libmchp_peripheral_32MX795F512L.a(dma_chn_set_ev_enable_flags_lib.o)
 .debug_aranges
                0x000001a8       0x20 c:/program files (x86)/microchip/xc32/v1.30/bin/../lib/gcc/pic32mx/4.5.2/../../../../pic32mx/lib\libmchp_peripheral_32MX795F512L.a(dma_chn_clr_ev_flags_lib.o)
 .debug_aranges
                0x000001c8       0x20 c:/program files (x86)/microchip/xc32/v1.30/bin/../lib/gcc/pic32mx/4.5.2/../../../../pic32mx/lib\libmchp_peripheral_32MX795F512L.a(dma_chn_open_lib.o)
 .debug_aranges
                0x000001e8       0x20 c:/program files (x86)/microchip/xc32/v1.30/bin/../lib/gcc/pic32mx/4.5.2/../../../../pic32mx/lib\libmchp_peripheral_32MX795F512L.a(dma_chn_enable_lib.o)
 .debug_aranges
                0x00000208       0x20 c:/program files (x86)/microchip/xc32/v1.30/bin/../lib/gcc/pic32mx/4.5.2/../../../../pic32mx/lib\libmchp_peripheral_32MX795F512L.a(dma_chn_get_ev_flags_lib.o)
 .debug_aranges
                0x00000228       0x20 c:/program files (x86)/microchip/xc32/v1.30/bin/../lib/gcc/pic32mx/4.5.2/../../../../pic32mx/lib\libmchp_peripheral_32MX795F512L.a(dma_chn_write_event_control_flags_lib.o)
 .debug_aranges
                0x00000248       0x20 c:/program files (x86)/microchip/xc32/v1.30/bin/../lib/gcc/pic32mx/4.5.2/../../../../pic32mx/lib\libmchp_peripheral_32MX795F512L.a(dma_chn_set_match_pattern_lib.o)
 .debug_aranges
                0x00000268       0x20 c:/program files (x86)/microchip/xc32/v1.30/bin/../lib/gcc/pic32mx/4.5.2/../../../../pic32mx/lib\libmchp_peripheral_32MX795F512L.a(dma_chn_set_txfer_lib.o)
 .debug_aranges
                0x00000288       0x20 c:/program files (x86)/microchip/xc32/v1.30/bin/../lib/gcc/pic32mx/4.5.2/../../../../pic32mx/lib\libmchp_peripheral_32MX795F512L.a(port_set_pins_digital_in_lib.o)
 .debug_aranges
                0x000002a8       0x20 c:/program files (x86)/microchip/xc32/v1.30/bin/../lib/gcc/pic32mx/4.5.2/../../../../pic32mx/lib\libmchp_peripheral_32MX795F512L.a(port_set_pins_digital_out_lib.o)
 .debug_aranges
                0x000002c8       0x58 c:/program files (x86)/microchip/xc32/v1.30/bin/../lib/gcc/pic32mx/4.5.2/../../../../pic32mx/lib\libmchp_peripheral_32MX795F512L.a(uart_lib.o)
 .debug_aranges
                0x00000320       0x20 c:/program files (x86)/microchip/xc32/v1.30/bin/../lib/gcc/pic32mx/4.5.2/../../../../pic32mx/lib\libmchp_peripheral_32MX795F512L.a(I2CBusIsIdle.o)
 .debug_aranges
                0x00000340       0x20 c:/program files (x86)/microchip/xc32/v1.30/bin/../lib/gcc/pic32mx/4.5.2/../../../../pic32mx/lib\libmchp_peripheral_32MX795F512L.a(I2CClearStatus.o)
 .debug_aranges
                0x00000360       0x20 c:/program files (x86)/microchip/xc32/v1.30/bin/../lib/gcc/pic32mx/4.5.2/../../../../pic32mx/lib\libmchp_peripheral_32MX795F512L.a(I2CConfigure.o)
 .debug_aranges
                0x00000380       0x20 c:/program files (x86)/microchip/xc32/v1.30/bin/../lib/gcc/pic32mx/4.5.2/../../../../pic32mx/lib\libmchp_peripheral_32MX795F512L.a(I2CEnable.o)
 .debug_aranges
                0x000003a0       0x20 c:/program files (x86)/microchip/xc32/v1.30/bin/../lib/gcc/pic32mx/4.5.2/../../../../pic32mx/lib\libmchp_peripheral_32MX795F512L.a(I2CGetStatus.o)
 .debug_aranges
                0x000003c0       0x20 c:/program files (x86)/microchip/xc32/v1.30/bin/../lib/gcc/pic32mx/4.5.2/../../../../pic32mx/lib\libmchp_peripheral_32MX795F512L.a(I2CReceivedDataIsAvailable.o)
 .debug_aranges
                0x000003e0       0x20 c:/program files (x86)/microchip/xc32/v1.30/bin/../lib/gcc/pic32mx/4.5.2/../../../../pic32mx/lib\libmchp_peripheral_32MX795F512L.a(I2CRepeatStart.o)
 .debug_aranges
                0x00000400       0x20 c:/program files (x86)/microchip/xc32/v1.30/bin/../lib/gcc/pic32mx/4.5.2/../../../../pic32mx/lib\libmchp_peripheral_32MX795F512L.a(I2CSendByte.o)
 .debug_aranges
                0x00000420       0x20 c:/program files (x86)/microchip/xc32/v1.30/bin/../lib/gcc/pic32mx/4.5.2/../../../../pic32mx/lib\libmchp_peripheral_32MX795F512L.a(I2CSetFrequency.o)
 .debug_aranges
                0x00000440       0x20 c:/program files (x86)/microchip/xc32/v1.30/bin/../lib/gcc/pic32mx/4.5.2/../../../../pic32mx/lib\libmchp_peripheral_32MX795F512L.a(I2CStart.o)
 .debug_aranges
                0x00000460       0x20 c:/program files (x86)/microchip/xc32/v1.30/bin/../lib/gcc/pic32mx/4.5.2/../../../../pic32mx/lib\libmchp_peripheral_32MX795F512L.a(I2CStop.o)
 .debug_aranges
                0x00000480       0x20 c:/program files (x86)/microchip/xc32/v1.30/bin/../lib/gcc/pic32mx/4.5.2/../../../../pic32mx/lib\libmchp_peripheral_32MX795F512L.a(I2CTransmissionHasCompleted.o)
 .debug_aranges
                0x000004a0       0x20 c:/program files (x86)/microchip/xc32/v1.30/bin/../lib/gcc/pic32mx/4.5.2/../../../../pic32mx/lib\libmchp_peripheral_32MX795F512L.a(I2CTransmitterIsReady.o)
 .debug_aranges
                0x000004c0       0x20 c:/program files (x86)/microchip/xc32/v1.30/bin/../lib/gcc/pic32mx/4.5.2/../../../../pic32mx/lib\libmchp_peripheral_32MX795F512L.a(int_enable_interrupts_lib.o)
 .debug_aranges
                0x000004e0       0x20 c:/program files (x86)/microchip/xc32/v1.30/bin/../lib/gcc/pic32mx/4.5.2/../../../../pic32mx/lib\libpic32.a(default-bootstrap-exception-handler.o)
 .debug_aranges
                0x00000500       0x20 c:/program files (x86)/microchip/xc32/v1.30/bin/../lib/gcc/pic32mx/4.5.2/../../../../pic32mx/lib\libpic32.a(default-on-reset.o)
 .debug_aranges
                0x00000520       0x20 c:/program files (x86)/microchip/xc32/v1.30/bin/../lib/gcc/pic32mx/4.5.2/../../../../pic32mx/lib\libpic32.a(default-on-bootstrap.o)
 .debug_aranges
                0x00000540       0x20 c:/program files (x86)/microchip/xc32/v1.30/bin/../lib/gcc/pic32mx/4.5.2/../../../../pic32mx/lib\libpic32.a(default-general-exception-handler.o)
 .debug_aranges
                0x00000560       0x20 c:/program files (x86)/microchip/xc32/v1.30/bin/../lib/gcc/pic32mx/4.5.2/../../../../pic32mx/lib\libpic32.a(defaultinterrupt.o)
 .debug_aranges
                0x00000580       0x20 c:/program files (x86)/microchip/xc32/v1.30/bin/../lib/gcc/pic32mx/4.5.2/../../../../pic32mx/lib\libc.a(_fputc_simple.o)
 .debug_aranges
                0x000005a0       0xa0 c:/program files (x86)/microchip/xc32/v1.30/bin/../lib/gcc/pic32mx/4.5.2/../../../../pic32mx/lib\libc.a(ctypef.o)
 .debug_aranges
                0x00000640       0x20 c:/program files (x86)/microchip/xc32/v1.30/bin/../lib/gcc/pic32mx/4.5.2/../../../../pic32mx/lib\libc.a(strcat.o)
 .debug_aranges
                0x00000660       0x20 c:/program files (x86)/microchip/xc32/v1.30/bin/../lib/gcc/pic32mx/4.5.2/../../../../pic32mx/lib\libc.a(atof.o)
 .debug_aranges
                0x00000680       0x20 c:/program files (x86)/microchip/xc32/v1.30/bin/../lib/gcc/pic32mx/4.5.2/../../../../pic32mx/lib\libc.a(printf_cdfFnopsuxX.eo)
 .debug_aranges
                0x000006a0       0x20 c:/program files (x86)/microchip/xc32/v1.30/bin/../lib/gcc/pic32mx/4.5.2/../../../../pic32mx/lib\libc.a(_flsbuf_simple.o)
 .debug_aranges
                0x000006c0       0x28 c:/program files (x86)/microchip/xc32/v1.30/bin/../lib/gcc/pic32mx/4.5.2/../../../../pic32mx/lib\libc.a(strtof.o)
 .debug_aranges
                0x000006e8       0x28 c:/program files (x86)/microchip/xc32/v1.30/bin/../lib/gcc/pic32mx/4.5.2/../../../../pic32mx/lib\libc.a(doprnt_cdfFnopsuxX.eo)
 .debug_aranges
                0x00000710       0x20 c:/program files (x86)/microchip/xc32/v1.30/bin/../lib/gcc/pic32mx/4.5.2/../../../../pic32mx/lib\libpic32.a(write.o)
 .debug_aranges
                0x00000730       0x20 c:/program files (x86)/microchip/xc32/v1.30/bin/../lib/gcc/pic32mx/4.5.2/../../../../pic32mx/lib\libpic32.a(_mon_putc.o)
 .debug_aranges
                0x00000750       0x20 c:/program files (x86)/microchip/xc32/v1.30/bin/../lib/gcc/pic32mx/4.5.2/../../../../pic32mx/lib\libe.a(_floatdisf.o)
 .debug_aranges
                0x00000770       0x20 c:/program files (x86)/microchip/xc32/v1.30/bin/../lib/gcc/pic32mx/4.5.2/../../../../pic32mx/lib\libe.a(_strtof.o)
 .debug_aranges
                0x00000790       0x20 c:/program files (x86)/microchip/xc32/v1.30/bin/../lib/gcc/pic32mx/4.5.2/../../../../pic32mx/lib\libe.a(_ldexpf.o)
 .debug_aranges
                0x000007b0       0x20 c:/program files (x86)/microchip/xc32/v1.30/bin/../lib/gcc/pic32mx/4.5.2\libgcc.a(_floatundisf.o)
 .debug_aranges
                0x000007d0       0x20 c:/program files (x86)/microchip/xc32/v1.30/bin/../lib/gcc/pic32mx/4.5.2\libgcc.a(_udivdi3.o)
 .debug_aranges
                0x000007f0       0x20 c:/program files (x86)/microchip/xc32/v1.30/bin/../lib/gcc/pic32mx/4.5.2\libgcc.a(_umoddi3.o)
 .debug_aranges
                0x00000810       0x20 c:/program files (x86)/microchip/xc32/v1.30/bin/../lib/gcc/pic32mx/4.5.2\libgcc.a(floatunsisf.o)

.debug_pubnames
                0x00000000      0xf37
 *(.debug_pubnames)
 .debug_pubnames
                0x00000000      0x38d build/PIC32MX795F512L_PIM/production/_ext/1472/main.o
 .debug_pubnames
                0x0000038d       0x38 build/PIC32MX795F512L_PIM/production/_ext/1472/DelayPIC32.o
 .debug_pubnames
                0x000003c5       0xd7 build/PIC32MX795F512L_PIM/production/_ext/1472/I2C_4BUS_EEPROM_PIC32.o
 .debug_pubnames
                0x0000049c       0x97 build/PIC32MX795F512L_PIM/production/_ext/1472/PCA9685 _PIC32.o
 .debug_pubnames
                0x00000533       0x51 build/PIC32MX795F512L_PIM/production/_ext/1472/CRCmodbus.o
 .debug_pubnames
                0x00000584       0x3b c:/program files (x86)/microchip/xc32/v1.30/bin/../lib/gcc/pic32mx/4.5.2/../../../../pic32mx/lib\libmchp_peripheral_32MX795F512L.a(pcache.o)
 .debug_pubnames
                0x000005bf       0x2b c:/program files (x86)/microchip/xc32/v1.30/bin/../lib/gcc/pic32mx/4.5.2/../../../../pic32mx/lib\libmchp_peripheral_32MX795F512L.a(int_disable_interrupts_lib.o)
 .debug_pubnames
                0x000005ea       0x2b c:/program files (x86)/microchip/xc32/v1.30/bin/../lib/gcc/pic32mx/4.5.2/../../../../pic32mx/lib\libmchp_peripheral_32MX795F512L.a(int_restore_interrupts_lib.o)
 .debug_pubnames
                0x00000615       0x36 c:/program files (x86)/microchip/xc32/v1.30/bin/../lib/gcc/pic32mx/4.5.2/../../../../pic32mx/lib\libmchp_peripheral_32MX795F512L.a(int_enable_mv_int_lib.o)
 .debug_pubnames
                0x0000064b       0xca c:/program files (x86)/microchip/xc32/v1.30/bin/../lib/gcc/pic32mx/4.5.2/../../../../pic32mx/lib\libmchp_peripheral_32MX795F512L.a(int_tbl_lib.o)
 .debug_pubnames
                0x00000715       0x2d c:/program files (x86)/microchip/xc32/v1.30/bin/../lib/gcc/pic32mx/4.5.2/../../../../pic32mx/lib\libmchp_peripheral_32MX795F512L.a(dma_chn_set_ev_enable_flags_lib.o)
 .debug_pubnames
                0x00000742       0x27 c:/program files (x86)/microchip/xc32/v1.30/bin/../lib/gcc/pic32mx/4.5.2/../../../../pic32mx/lib\libmchp_peripheral_32MX795F512L.a(dma_chn_clr_ev_flags_lib.o)
 .debug_pubnames
                0x00000769       0x21 c:/program files (x86)/microchip/xc32/v1.30/bin/../lib/gcc/pic32mx/4.5.2/../../../../pic32mx/lib\libmchp_peripheral_32MX795F512L.a(dma_chn_open_lib.o)
 .debug_pubnames
                0x0000078a       0x23 c:/program files (x86)/microchip/xc32/v1.30/bin/../lib/gcc/pic32mx/4.5.2/../../../../pic32mx/lib\libmchp_peripheral_32MX795F512L.a(dma_chn_enable_lib.o)
 .debug_pubnames
                0x000007ad       0x27 c:/program files (x86)/microchip/xc32/v1.30/bin/../lib/gcc/pic32mx/4.5.2/../../../../pic32mx/lib\libmchp_peripheral_32MX795F512L.a(dma_chn_get_ev_flags_lib.o)
 .debug_pubnames
                0x000007d4       0x33 c:/program files (x86)/microchip/xc32/v1.30/bin/../lib/gcc/pic32mx/4.5.2/../../../../pic32mx/lib\libmchp_peripheral_32MX795F512L.a(dma_chn_write_event_control_flags_lib.o)
 .debug_pubnames
                0x00000807       0x2c c:/program files (x86)/microchip/xc32/v1.30/bin/../lib/gcc/pic32mx/4.5.2/../../../../pic32mx/lib\libmchp_peripheral_32MX795F512L.a(dma_chn_set_match_pattern_lib.o)
 .debug_pubnames
                0x00000833       0x25 c:/program files (x86)/microchip/xc32/v1.30/bin/../lib/gcc/pic32mx/4.5.2/../../../../pic32mx/lib\libmchp_peripheral_32MX795F512L.a(dma_chn_set_txfer_lib.o)
 .debug_pubnames
                0x00000858       0x2b c:/program files (x86)/microchip/xc32/v1.30/bin/../lib/gcc/pic32mx/4.5.2/../../../../pic32mx/lib\libmchp_peripheral_32MX795F512L.a(port_set_pins_digital_in_lib.o)
 .debug_pubnames
                0x00000883       0x2c c:/program files (x86)/microchip/xc32/v1.30/bin/../lib/gcc/pic32mx/4.5.2/../../../../pic32mx/lib\libmchp_peripheral_32MX795F512L.a(port_set_pins_digital_out_lib.o)
 .debug_pubnames
                0x000008af       0xb1 c:/program files (x86)/microchip/xc32/v1.30/bin/../lib/gcc/pic32mx/4.5.2/../../../../pic32mx/lib\libmchp_peripheral_32MX795F512L.a(uart_lib.o)
 .debug_pubnames
                0x00000960       0x23 c:/program files (x86)/microchip/xc32/v1.30/bin/../lib/gcc/pic32mx/4.5.2/../../../../pic32mx/lib\libmchp_peripheral_32MX795F512L.a(I2CBusIsIdle.o)
 .debug_pubnames
                0x00000983       0x25 c:/program files (x86)/microchip/xc32/v1.30/bin/../lib/gcc/pic32mx/4.5.2/../../../../pic32mx/lib\libmchp_peripheral_32MX795F512L.a(I2CClearStatus.o)
 .debug_pubnames
                0x000009a8       0x23 c:/program files (x86)/microchip/xc32/v1.30/bin/../lib/gcc/pic32mx/4.5.2/../../../../pic32mx/lib\libmchp_peripheral_32MX795F512L.a(I2CConfigure.o)
 .debug_pubnames
                0x000009cb       0x20 c:/program files (x86)/microchip/xc32/v1.30/bin/../lib/gcc/pic32mx/4.5.2/../../../../pic32mx/lib\libmchp_peripheral_32MX795F512L.a(I2CEnable.o)
 .debug_pubnames
                0x000009eb       0x23 c:/program files (x86)/microchip/xc32/v1.30/bin/../lib/gcc/pic32mx/4.5.2/../../../../pic32mx/lib\libmchp_peripheral_32MX795F512L.a(I2CGetStatus.o)
 .debug_pubnames
                0x00000a0e       0x31 c:/program files (x86)/microchip/xc32/v1.30/bin/../lib/gcc/pic32mx/4.5.2/../../../../pic32mx/lib\libmchp_peripheral_32MX795F512L.a(I2CReceivedDataIsAvailable.o)
 .debug_pubnames
                0x00000a3f       0x25 c:/program files (x86)/microchip/xc32/v1.30/bin/../lib/gcc/pic32mx/4.5.2/../../../../pic32mx/lib\libmchp_peripheral_32MX795F512L.a(I2CRepeatStart.o)
 .debug_pubnames
                0x00000a64       0x22 c:/program files (x86)/microchip/xc32/v1.30/bin/../lib/gcc/pic32mx/4.5.2/../../../../pic32mx/lib\libmchp_peripheral_32MX795F512L.a(I2CSendByte.o)
 .debug_pubnames
                0x00000a86       0x26 c:/program files (x86)/microchip/xc32/v1.30/bin/../lib/gcc/pic32mx/4.5.2/../../../../pic32mx/lib\libmchp_peripheral_32MX795F512L.a(I2CSetFrequency.o)
 .debug_pubnames
                0x00000aac       0x1f c:/program files (x86)/microchip/xc32/v1.30/bin/../lib/gcc/pic32mx/4.5.2/../../../../pic32mx/lib\libmchp_peripheral_32MX795F512L.a(I2CStart.o)
 .debug_pubnames
                0x00000acb       0x1e c:/program files (x86)/microchip/xc32/v1.30/bin/../lib/gcc/pic32mx/4.5.2/../../../../pic32mx/lib\libmchp_peripheral_32MX795F512L.a(I2CStop.o)
 .debug_pubnames
                0x00000ae9       0x32 c:/program files (x86)/microchip/xc32/v1.30/bin/../lib/gcc/pic32mx/4.5.2/../../../../pic32mx/lib\libmchp_peripheral_32MX795F512L.a(I2CTransmissionHasCompleted.o)
 .debug_pubnames
                0x00000b1b       0x2c c:/program files (x86)/microchip/xc32/v1.30/bin/../lib/gcc/pic32mx/4.5.2/../../../../pic32mx/lib\libmchp_peripheral_32MX795F512L.a(I2CTransmitterIsReady.o)
 .debug_pubnames
                0x00000b47       0x2a c:/program files (x86)/microchip/xc32/v1.30/bin/../lib/gcc/pic32mx/4.5.2/../../../../pic32mx/lib\libmchp_peripheral_32MX795F512L.a(int_enable_interrupts_lib.o)
 .debug_pubnames
                0x00000b71       0x33 c:/program files (x86)/microchip/xc32/v1.30/bin/../lib/gcc/pic32mx/4.5.2/../../../../pic32mx/lib\libpic32.a(default-bootstrap-exception-handler.o)
 .debug_pubnames
                0x00000ba4       0x20 c:/program files (x86)/microchip/xc32/v1.30/bin/../lib/gcc/pic32mx/4.5.2/../../../../pic32mx/lib\libpic32.a(default-on-reset.o)
 .debug_pubnames
                0x00000bc4       0x24 c:/program files (x86)/microchip/xc32/v1.30/bin/../lib/gcc/pic32mx/4.5.2/../../../../pic32mx/lib\libpic32.a(default-on-bootstrap.o)
 .debug_pubnames
                0x00000be8       0x31 c:/program files (x86)/microchip/xc32/v1.30/bin/../lib/gcc/pic32mx/4.5.2/../../../../pic32mx/lib\libpic32.a(default-general-exception-handler.o)
 .debug_pubnames
                0x00000c19       0x28 c:/program files (x86)/microchip/xc32/v1.30/bin/../lib/gcc/pic32mx/4.5.2/../../../../pic32mx/lib\libpic32.a(defaultinterrupt.o)
 .debug_pubnames
                0x00000c41       0x1c c:/program files (x86)/microchip/xc32/v1.30/bin/../lib/gcc/pic32mx/4.5.2/../../../../pic32mx/lib\libc.a(_fputc_simple.o)
 .debug_pubnames
                0x00000c5d       0xe1 c:/program files (x86)/microchip/xc32/v1.30/bin/../lib/gcc/pic32mx/4.5.2/../../../../pic32mx/lib\libc.a(ctypef.o)
 .debug_pubnames
                0x00000d3e       0x1d c:/program files (x86)/microchip/xc32/v1.30/bin/../lib/gcc/pic32mx/4.5.2/../../../../pic32mx/lib\libc.a(strcat.o)
 .debug_pubnames
                0x00000d5b       0x1b c:/program files (x86)/microchip/xc32/v1.30/bin/../lib/gcc/pic32mx/4.5.2/../../../../pic32mx/lib\libc.a(atof.o)
 .debug_pubnames
                0x00000d76       0x2a c:/program files (x86)/microchip/xc32/v1.30/bin/../lib/gcc/pic32mx/4.5.2/../../../../pic32mx/lib\libc.a(printf_cdfFnopsuxX.eo)
 .debug_pubnames
                0x00000da0       0x1e c:/program files (x86)/microchip/xc32/v1.30/bin/../lib/gcc/pic32mx/4.5.2/../../../../pic32mx/lib\libc.a(_flsbuf_simple.o)
 .debug_pubnames
                0x00000dbe       0x29 c:/program files (x86)/microchip/xc32/v1.30/bin/../lib/gcc/pic32mx/4.5.2/../../../../pic32mx/lib\libc.a(strtof.o)
 .debug_pubnames
                0x00000de7       0x2c c:/program files (x86)/microchip/xc32/v1.30/bin/../lib/gcc/pic32mx/4.5.2/../../../../pic32mx/lib\libc.a(doprnt_cdfFnopsuxX.eo)
 .debug_pubnames
                0x00000e13       0x1c c:/program files (x86)/microchip/xc32/v1.30/bin/../lib/gcc/pic32mx/4.5.2/../../../../pic32mx/lib\libpic32.a(write.o)
 .debug_pubnames
                0x00000e2f       0x20 c:/program files (x86)/microchip/xc32/v1.30/bin/../lib/gcc/pic32mx/4.5.2/../../../../pic32mx/lib\libpic32.a(_mon_putc.o)
 .debug_pubnames
                0x00000e4f       0x22 c:/program files (x86)/microchip/xc32/v1.30/bin/../lib/gcc/pic32mx/4.5.2/../../../../pic32mx/lib\libe.a(_floatdisf.o)
 .debug_pubnames
                0x00000e71       0x1f c:/program files (x86)/microchip/xc32/v1.30/bin/../lib/gcc/pic32mx/4.5.2/../../../../pic32mx/lib\libe.a(_strtof.o)
 .debug_pubnames
                0x00000e90       0x1f c:/program files (x86)/microchip/xc32/v1.30/bin/../lib/gcc/pic32mx/4.5.2/../../../../pic32mx/lib\libe.a(_ldexpf.o)
 .debug_pubnames
                0x00000eaf       0x24 c:/program files (x86)/microchip/xc32/v1.30/bin/../lib/gcc/pic32mx/4.5.2\libgcc.a(_floatundisf.o)
 .debug_pubnames
                0x00000ed3       0x20 c:/program files (x86)/microchip/xc32/v1.30/bin/../lib/gcc/pic32mx/4.5.2\libgcc.a(_udivdi3.o)
 .debug_pubnames
                0x00000ef3       0x20 c:/program files (x86)/microchip/xc32/v1.30/bin/../lib/gcc/pic32mx/4.5.2\libgcc.a(_umoddi3.o)
 .debug_pubnames
                0x00000f13       0x24 c:/program files (x86)/microchip/xc32/v1.30/bin/../lib/gcc/pic32mx/4.5.2\libgcc.a(floatunsisf.o)

.debug_info     0x00000000     0xeeac
 *(.debug_info .gnu.linkonce.wi.*)
 .debug_info    0x00000000     0x6d71 build/PIC32MX795F512L_PIM/production/_ext/1472/main.o
 .debug_info    0x00006d71      0x178 build/PIC32MX795F512L_PIM/production/_ext/1472/DelayPIC32.o
 .debug_info    0x00006ee9     0x302e build/PIC32MX795F512L_PIM/production/_ext/1472/I2C_4BUS_EEPROM_PIC32.o
 .debug_info    0x00009f17     0x14c4 build/PIC32MX795F512L_PIM/production/_ext/1472/PCA9685 _PIC32.o
 .debug_info    0x0000b3db      0x2c1 build/PIC32MX795F512L_PIM/production/_ext/1472/CRCmodbus.o
 .debug_info    0x0000b69c       0xbf c:/program files (x86)/microchip/xc32/v1.30/bin/../lib/gcc/pic32mx/4.5.2/../../../../pic32mx/lib\libmchp_peripheral_32MX795F512L.a(pcache.o)
 .debug_info    0x0000b75b       0xb6 c:/program files (x86)/microchip/xc32/v1.30/bin/../lib/gcc/pic32mx/4.5.2/../../../../pic32mx/lib\libmchp_peripheral_32MX795F512L.a(int_disable_interrupts_lib.o)
 .debug_info    0x0000b811       0xb6 c:/program files (x86)/microchip/xc32/v1.30/bin/../lib/gcc/pic32mx/4.5.2/../../../../pic32mx/lib\libmchp_peripheral_32MX795F512L.a(int_restore_interrupts_lib.o)
 .debug_info    0x0000b8c7       0xbc c:/program files (x86)/microchip/xc32/v1.30/bin/../lib/gcc/pic32mx/4.5.2/../../../../pic32mx/lib\libmchp_peripheral_32MX795F512L.a(int_enable_mv_int_lib.o)
 .debug_info    0x0000b983      0x196 c:/program files (x86)/microchip/xc32/v1.30/bin/../lib/gcc/pic32mx/4.5.2/../../../../pic32mx/lib\libmchp_peripheral_32MX795F512L.a(int_tbl_lib.o)
 .debug_info    0x0000bb19       0xbd c:/program files (x86)/microchip/xc32/v1.30/bin/../lib/gcc/pic32mx/4.5.2/../../../../pic32mx/lib\libmchp_peripheral_32MX795F512L.a(dma_chn_set_ev_enable_flags_lib.o)
 .debug_info    0x0000bbd6       0xb0 c:/program files (x86)/microchip/xc32/v1.30/bin/../lib/gcc/pic32mx/4.5.2/../../../../pic32mx/lib\libmchp_peripheral_32MX795F512L.a(dma_chn_clr_ev_flags_lib.o)
 .debug_info    0x0000bc86       0xb5 c:/program files (x86)/microchip/xc32/v1.30/bin/../lib/gcc/pic32mx/4.5.2/../../../../pic32mx/lib\libmchp_peripheral_32MX795F512L.a(dma_chn_open_lib.o)
 .debug_info    0x0000bd3b       0xa6 c:/program files (x86)/microchip/xc32/v1.30/bin/../lib/gcc/pic32mx/4.5.2/../../../../pic32mx/lib\libmchp_peripheral_32MX795F512L.a(dma_chn_enable_lib.o)
 .debug_info    0x0000bde1       0xb0 c:/program files (x86)/microchip/xc32/v1.30/bin/../lib/gcc/pic32mx/4.5.2/../../../../pic32mx/lib\libmchp_peripheral_32MX795F512L.a(dma_chn_get_ev_flags_lib.o)
 .debug_info    0x0000be91       0xc9 c:/program files (x86)/microchip/xc32/v1.30/bin/../lib/gcc/pic32mx/4.5.2/../../../../pic32mx/lib\libmchp_peripheral_32MX795F512L.a(dma_chn_write_event_control_flags_lib.o)
 .debug_info    0x0000bf5a       0xba c:/program files (x86)/microchip/xc32/v1.30/bin/../lib/gcc/pic32mx/4.5.2/../../../../pic32mx/lib\libmchp_peripheral_32MX795F512L.a(dma_chn_set_match_pattern_lib.o)
 .debug_info    0x0000c014       0xbc c:/program files (x86)/microchip/xc32/v1.30/bin/../lib/gcc/pic32mx/4.5.2/../../../../pic32mx/lib\libmchp_peripheral_32MX795F512L.a(dma_chn_set_txfer_lib.o)
 .debug_info    0x0000c0d0        0x0 c:/program files (x86)/microchip/xc32/v1.30/bin/../lib/gcc/pic32mx/4.5.2/../../../../pic32mx/lib\libmchp_peripheral_32MX795F512L.a(dma_reg_map_tbl_lib.o)
 .debug_info    0x0000c0d0       0xba c:/program files (x86)/microchip/xc32/v1.30/bin/../lib/gcc/pic32mx/4.5.2/../../../../pic32mx/lib\libmchp_peripheral_32MX795F512L.a(port_set_pins_digital_in_lib.o)
 .debug_info    0x0000c18a       0xbc c:/program files (x86)/microchip/xc32/v1.30/bin/../lib/gcc/pic32mx/4.5.2/../../../../pic32mx/lib\libmchp_peripheral_32MX795F512L.a(port_set_pins_digital_out_lib.o)
 .debug_info    0x0000c246        0x0 c:/program files (x86)/microchip/xc32/v1.30/bin/../lib/gcc/pic32mx/4.5.2/../../../../pic32mx/lib\libmchp_peripheral_32MX795F512L.a(_ports_tbl_libp.o)
 .debug_info    0x0000c246      0x175 c:/program files (x86)/microchip/xc32/v1.30/bin/../lib/gcc/pic32mx/4.5.2/../../../../pic32mx/lib\libmchp_peripheral_32MX795F512L.a(uart_lib.o)
 .debug_info    0x0000c3bb       0xa0 c:/program files (x86)/microchip/xc32/v1.30/bin/../lib/gcc/pic32mx/4.5.2/../../../../pic32mx/lib\libmchp_peripheral_32MX795F512L.a(I2CBusIsIdle.o)
 .debug_info    0x0000c45b       0xa4 c:/program files (x86)/microchip/xc32/v1.30/bin/../lib/gcc/pic32mx/4.5.2/../../../../pic32mx/lib\libmchp_peripheral_32MX795F512L.a(I2CClearStatus.o)
 .debug_info    0x0000c4ff       0xa0 c:/program files (x86)/microchip/xc32/v1.30/bin/../lib/gcc/pic32mx/4.5.2/../../../../pic32mx/lib\libmchp_peripheral_32MX795F512L.a(I2CConfigure.o)
 .debug_info    0x0000c59f       0x9a c:/program files (x86)/microchip/xc32/v1.30/bin/../lib/gcc/pic32mx/4.5.2/../../../../pic32mx/lib\libmchp_peripheral_32MX795F512L.a(I2CEnable.o)
 .debug_info    0x0000c639       0xa0 c:/program files (x86)/microchip/xc32/v1.30/bin/../lib/gcc/pic32mx/4.5.2/../../../../pic32mx/lib\libmchp_peripheral_32MX795F512L.a(I2CGetStatus.o)
 .debug_info    0x0000c6d9       0xbc c:/program files (x86)/microchip/xc32/v1.30/bin/../lib/gcc/pic32mx/4.5.2/../../../../pic32mx/lib\libmchp_peripheral_32MX795F512L.a(I2CReceivedDataIsAvailable.o)
 .debug_info    0x0000c795       0xa4 c:/program files (x86)/microchip/xc32/v1.30/bin/../lib/gcc/pic32mx/4.5.2/../../../../pic32mx/lib\libmchp_peripheral_32MX795F512L.a(I2CRepeatStart.o)
 .debug_info    0x0000c839       0x9e c:/program files (x86)/microchip/xc32/v1.30/bin/../lib/gcc/pic32mx/4.5.2/../../../../pic32mx/lib\libmchp_peripheral_32MX795F512L.a(I2CSendByte.o)
 .debug_info    0x0000c8d7       0xa6 c:/program files (x86)/microchip/xc32/v1.30/bin/../lib/gcc/pic32mx/4.5.2/../../../../pic32mx/lib\libmchp_peripheral_32MX795F512L.a(I2CSetFrequency.o)
 .debug_info    0x0000c97d       0x98 c:/program files (x86)/microchip/xc32/v1.30/bin/../lib/gcc/pic32mx/4.5.2/../../../../pic32mx/lib\libmchp_peripheral_32MX795F512L.a(I2CStart.o)
 .debug_info    0x0000ca15       0x96 c:/program files (x86)/microchip/xc32/v1.30/bin/../lib/gcc/pic32mx/4.5.2/../../../../pic32mx/lib\libmchp_peripheral_32MX795F512L.a(I2CStop.o)
 .debug_info    0x0000caab       0xbe c:/program files (x86)/microchip/xc32/v1.30/bin/../lib/gcc/pic32mx/4.5.2/../../../../pic32mx/lib\libmchp_peripheral_32MX795F512L.a(I2CTransmissionHasCompleted.o)
 .debug_info    0x0000cb69       0xb2 c:/program files (x86)/microchip/xc32/v1.30/bin/../lib/gcc/pic32mx/4.5.2/../../../../pic32mx/lib\libmchp_peripheral_32MX795F512L.a(I2CTransmitterIsReady.o)
 .debug_info    0x0000cc1b       0xb4 c:/program files (x86)/microchip/xc32/v1.30/bin/../lib/gcc/pic32mx/4.5.2/../../../../pic32mx/lib\libmchp_peripheral_32MX795F512L.a(int_enable_interrupts_lib.o)
 .debug_info    0x0000cccf        0x0 c:/program files (x86)/microchip/xc32/v1.30/bin/../lib/gcc/pic32mx/4.5.2/../../../../pic32mx/lib\libmchp_peripheral_32MX795F512L.a(I2CPrivate.o)
 .debug_info    0x0000cccf       0xde c:/program files (x86)/microchip/xc32/v1.30/bin/../lib/gcc/pic32mx/4.5.2/../../../../pic32mx/lib\libpic32.a(default-bootstrap-exception-handler.o)
 .debug_info    0x0000cdad       0xb8 c:/program files (x86)/microchip/xc32/v1.30/bin/../lib/gcc/pic32mx/4.5.2/../../../../pic32mx/lib\libpic32.a(default-on-reset.o)
 .debug_info    0x0000ce65       0xc0 c:/program files (x86)/microchip/xc32/v1.30/bin/../lib/gcc/pic32mx/4.5.2/../../../../pic32mx/lib\libpic32.a(default-on-bootstrap.o)